<!doctype html public "-//w3c//dtd html 4.0 transitional//en">
<html><head>
<title>Static Call Graph - [qv_test\qv_test.axf]</title></head>
<body><HR>
<H1>Static Call Graph for image qv_test\qv_test.axf</H1><HR>
<BR><P>#&#060CALLGRAPH&#062# ARM Linker, 6130100: Last Updated: Tue Apr 11 20:07:02 2023
<BR><P>
<H3>Maximum Stack Usage =        484 bytes + Unknown(Cycles, Untraceable Function Pointers)</H3><H3>
Call chain for Maximum Stack Depth:</H3>
main &rArr; QF_run &rArr; QV_onIdle &rArr; QS_rxParse &rArr; QS_rxHandleGoodFrame_ &rArr; QActive_publish_ &rArr; QF_gc &rArr; QMPool_put &rArr; Q_onAssert &rArr; QS_ASSERTION &rArr; QS_onFlush &rArr; HAL_UART_Transmit &rArr; UART_WaitOnFlagUntilTimeout &rArr; UART_EndRxTransfer
<P>
<H3>
Mutually Recursive functions
</H3> <LI><a href="#[12]">ADC1_COMP_IRQHandler</a>&nbsp;&nbsp;&nbsp;&rArr;&nbsp;&nbsp;&nbsp;<a href="#[12]">ADC1_COMP_IRQHandler</a><BR>
</UL>
<P>
<H3>
Function Pointers
</H3><UL>
 <LI><a href="#[12]">ADC1_COMP_IRQHandler</a> from startup_stm32l053xx.o(.text) referenced from startup_stm32l053xx.o(RESET)
 <LI><a href="#[f]">DMA1_Channel1_IRQHandler</a> from startup_stm32l053xx.o(.text) referenced from startup_stm32l053xx.o(RESET)
 <LI><a href="#[10]">DMA1_Channel2_3_IRQHandler</a> from startup_stm32l053xx.o(.text) referenced from startup_stm32l053xx.o(RESET)
 <LI><a href="#[11]">DMA1_Channel4_5_6_7_IRQHandler</a> from startup_stm32l053xx.o(.text) referenced from startup_stm32l053xx.o(RESET)
 <LI><a href="#[b]">EXTI0_1_IRQHandler</a> from startup_stm32l053xx.o(.text) referenced from startup_stm32l053xx.o(RESET)
 <LI><a href="#[c]">EXTI2_3_IRQHandler</a> from startup_stm32l053xx.o(.text) referenced from startup_stm32l053xx.o(RESET)
 <LI><a href="#[d]">EXTI4_15_IRQHandler</a> from startup_stm32l053xx.o(.text) referenced from startup_stm32l053xx.o(RESET)
 <LI><a href="#[9]">FLASH_IRQHandler</a> from startup_stm32l053xx.o(.text) referenced from startup_stm32l053xx.o(RESET)
 <LI><a href="#[2]">HardFault_Handler</a> from stm32l0xx_it.o(.text.HardFault_Handler) referenced from startup_stm32l053xx.o(RESET)
 <LI><a href="#[18]">I2C1_IRQHandler</a> from startup_stm32l053xx.o(.text) referenced from startup_stm32l053xx.o(RESET)
 <LI><a href="#[19]">I2C2_IRQHandler</a> from startup_stm32l053xx.o(.text) referenced from startup_stm32l053xx.o(RESET)
 <LI><a href="#[1f]">LCD_IRQHandler</a> from startup_stm32l053xx.o(.text) referenced from startup_stm32l053xx.o(RESET)
 <LI><a href="#[13]">LPTIM1_IRQHandler</a> from startup_stm32l053xx.o(.text) referenced from startup_stm32l053xx.o(RESET)
 <LI><a href="#[1]">NMI_Handler</a> from stm32l0xx_it.o(.text.NMI_Handler) referenced from startup_stm32l053xx.o(RESET)
 <LI><a href="#[7]">PVD_IRQHandler</a> from startup_stm32l053xx.o(.text) referenced from startup_stm32l053xx.o(RESET)
 <LI><a href="#[4]">PendSV_Handler</a> from stm32l0xx_it.o(.text.PendSV_Handler) referenced from startup_stm32l053xx.o(RESET)
 <LI><a href="#[36]">QActive_postLIFO_</a> from qf_actq.o(.text.QActive_postLIFO_) referenced from qf_qact.o(.rodata.QActive_ctor.vtable)
 <LI><a href="#[35]">QActive_post_</a> from qf_actq.o(.text.QActive_post_) referenced from qf_qact.o(.rodata.QActive_ctor.vtable)
 <LI><a href="#[34]">QActive_start_</a> from qv.o(.text.QActive_start_) referenced from qf_qact.o(.rodata.QActive_ctor.vtable)
 <LI><a href="#[32]">QHsm_dispatch_</a> from qep_hsm.o(.text.QHsm_dispatch_) referenced from qf_qact.o(.rodata.QActive_ctor.vtable)
 <LI><a href="#[32]">QHsm_dispatch_</a> from qep_hsm.o(.text.QHsm_dispatch_) referenced from qep_hsm.o(.rodata.QHsm_ctor.vtable)
 <LI><a href="#[33]">QHsm_getStateHandler_</a> from qep_hsm.o(.text.QHsm_getStateHandler_) referenced from qf_qact.o(.rodata.QActive_ctor.vtable)
 <LI><a href="#[33]">QHsm_getStateHandler_</a> from qep_hsm.o(.text.QHsm_getStateHandler_) referenced from qep_hsm.o(.rodata.QHsm_ctor.vtable)
 <LI><a href="#[31]">QHsm_init_</a> from qep_hsm.o(.text.QHsm_init_) referenced from qf_qact.o(.rodata.QActive_ctor.vtable)
 <LI><a href="#[31]">QHsm_init_</a> from qep_hsm.o(.text.QHsm_init_) referenced from qep_hsm.o(.rodata.QHsm_ctor.vtable)
 <LI><a href="#[27]">QHsm_top</a> from qep_hsm.o(.text.QHsm_top) referenced from qep_hsm.o(.text.QHsm_ctor)
 <LI><a href="#[27]">QHsm_top</a> from qep_hsm.o(.text.QHsm_top) referenced from qep_hsm.o(.text.QHsm_init_)
 <LI><a href="#[27]">QHsm_top</a> from qep_hsm.o(.text.QHsm_top) referenced from uartmstr.o(.text.UartMstr_Idle)
 <LI><a href="#[a]">RCC_CRS_IRQHandler</a> from startup_stm32l053xx.o(.text) referenced from startup_stm32l053xx.o(RESET)
 <LI><a href="#[1e]">RNG_LPUART1_IRQHandler</a> from startup_stm32l053xx.o(.text) referenced from startup_stm32l053xx.o(RESET)
 <LI><a href="#[8]">RTC_IRQHandler</a> from startup_stm32l053xx.o(.text) referenced from startup_stm32l053xx.o(RESET)
 <LI><a href="#[0]">Reset_Handler</a> from startup_stm32l053xx.o(.text) referenced from startup_stm32l053xx.o(RESET)
 <LI><a href="#[1a]">SPI1_IRQHandler</a> from startup_stm32l053xx.o(.text) referenced from startup_stm32l053xx.o(RESET)
 <LI><a href="#[1b]">SPI2_IRQHandler</a> from startup_stm32l053xx.o(.text) referenced from startup_stm32l053xx.o(RESET)
 <LI><a href="#[3]">SVC_Handler</a> from stm32l0xx_it.o(.text.SVC_Handler) referenced from startup_stm32l053xx.o(RESET)
 <LI><a href="#[5]">SysTick_Handler</a> from stm32l0xx_it.o(.text.SysTick_Handler) referenced from startup_stm32l053xx.o(RESET)
 <LI><a href="#[22]">SystemInit</a> from system_stm32l0xx.o(.text.SystemInit) referenced from startup_stm32l053xx.o(.text)
 <LI><a href="#[16]">TIM21_IRQHandler</a> from startup_stm32l053xx.o(.text) referenced from startup_stm32l053xx.o(RESET)
 <LI><a href="#[17]">TIM22_IRQHandler</a> from startup_stm32l053xx.o(.text) referenced from startup_stm32l053xx.o(RESET)
 <LI><a href="#[14]">TIM2_IRQHandler</a> from startup_stm32l053xx.o(.text) referenced from startup_stm32l053xx.o(RESET)
 <LI><a href="#[15]">TIM6_DAC_IRQHandler</a> from startup_stm32l053xx.o(.text) referenced from startup_stm32l053xx.o(RESET)
 <LI><a href="#[e]">TSC_IRQHandler</a> from startup_stm32l053xx.o(.text) referenced from startup_stm32l053xx.o(RESET)
 <LI><a href="#[24]">UART_DMAAbortOnError</a> from stm32l0xx_hal_uart.o(.text.UART_DMAAbortOnError) referenced from stm32l0xx_hal_uart.o(.text.HAL_UART_IRQHandler)
 <LI><a href="#[29]">UART_RxISR_16BIT</a> from stm32l0xx_hal_uart.o(.text.UART_RxISR_16BIT) referenced from stm32l0xx_hal_uart.o(.text.UART_Start_Receive_IT)
 <LI><a href="#[28]">UART_RxISR_8BIT</a> from stm32l0xx_hal_uart.o(.text.UART_RxISR_8BIT) referenced from stm32l0xx_hal_uart.o(.text.UART_Start_Receive_IT)
 <LI><a href="#[26]">UART_TxISR_16BIT</a> from stm32l0xx_hal_uart.o(.text.UART_TxISR_16BIT) referenced from stm32l0xx_hal_uart.o(.text.HAL_UART_Transmit_IT)
 <LI><a href="#[25]">UART_TxISR_8BIT</a> from stm32l0xx_hal_uart.o(.text.UART_TxISR_8BIT) referenced from stm32l0xx_hal_uart.o(.text.HAL_UART_Transmit_IT)
 <LI><a href="#[1c]">USART1_IRQHandler</a> from stm32l0xx_it.o(.text.USART1_IRQHandler) referenced from startup_stm32l053xx.o(RESET)
 <LI><a href="#[1d]">USART2_IRQHandler</a> from stm32l0xx_it.o(.text.USART2_IRQHandler) referenced from startup_stm32l053xx.o(RESET)
 <LI><a href="#[20]">USB_IRQHandler</a> from startup_stm32l053xx.o(.text) referenced from startup_stm32l053xx.o(RESET)
 <LI><a href="#[2b]">UartMstr_Active</a> from uartmstr.o(.text.UartMstr_Active) referenced from uartmstr.o(.text.UartMstr_initial)
 <LI><a href="#[2e]">UartMstr_ERR</a> from uartmstr.o(.text.UartMstr_ERR) referenced from uartmstr.o(.text.UartMstr_initial)
 <LI><a href="#[30]">UartMstr_Idle</a> from uartmstr.o(.text.UartMstr_Idle) referenced from uartmstr.o(.text.UartMstr_initial)
 <LI><a href="#[2c]">UartMstr_RX</a> from uartmstr.o(.text.UartMstr_RX) referenced from uartmstr.o(.text.UartMstr_initial)
 <LI><a href="#[2f]">UartMstr_TX</a> from uartmstr.o(.text.UartMstr_TX) referenced from uartmstr.o(.text.UartMstr_initial)
 <LI><a href="#[2d]">UartMstr_WAIT4CMD</a> from uartmstr.o(.text.UartMstr_WAIT4CMD) referenced from uartmstr.o(.text.UartMstr_initial)
 <LI><a href="#[2a]">UartMstr_initial</a> from uartmstr.o(.text.UartMstr_initial) referenced from uartmstr.o(.text.UartMstr_ctor)
 <LI><a href="#[6]">WWDG_IRQHandler</a> from startup_stm32l053xx.o(.text) referenced from startup_stm32l053xx.o(RESET)
 <LI><a href="#[23]">__main</a> from entry.o(.ARM.Collect$$$$00000000) referenced from startup_stm32l053xx.o(.text)
 <LI><a href="#[21]">main</a> from main.o(.text.main) referenced from entry9a.o(.ARM.Collect$$$$0000000B)
</UL>
<P>
<H3>
Global Symbols
</H3>
<P><STRONG><a name="[23]"></a>__main</STRONG> (Thumb, 0 bytes, Stack size unknown bytes, entry.o(.ARM.Collect$$$$00000000))
<BR>[Address Reference Count : 1]<UL><LI> startup_stm32l053xx.o(.text)
</UL>
<P><STRONG><a name="[c7]"></a>_main_stk</STRONG> (Thumb, 0 bytes, Stack size unknown bytes, entry2.o(.ARM.Collect$$$$00000001))

<P><STRONG><a name="[37]"></a>_main_scatterload</STRONG> (Thumb, 0 bytes, Stack size unknown bytes, entry5.o(.ARM.Collect$$$$00000004))
<BR><BR>[Calls]<UL><LI><a href="#[38]">&gt;&gt;</a>&nbsp;&nbsp;&nbsp;__scatterload
</UL>

<P><STRONG><a name="[40]"></a>__main_after_scatterload</STRONG> (Thumb, 0 bytes, Stack size unknown bytes, entry5.o(.ARM.Collect$$$$00000004))
<BR><BR>[Called By]<UL><LI><a href="#[38]">&gt;&gt;</a>&nbsp;&nbsp;&nbsp;__scatterload
</UL>

<P><STRONG><a name="[c8]"></a>_main_clock</STRONG> (Thumb, 0 bytes, Stack size unknown bytes, entry7b.o(.ARM.Collect$$$$00000008))

<P><STRONG><a name="[c9]"></a>_main_cpp_init</STRONG> (Thumb, 0 bytes, Stack size unknown bytes, entry8b.o(.ARM.Collect$$$$0000000A))

<P><STRONG><a name="[ca]"></a>_main_init</STRONG> (Thumb, 0 bytes, Stack size unknown bytes, entry9a.o(.ARM.Collect$$$$0000000B))

<P><STRONG><a name="[cb]"></a>__rt_final_cpp</STRONG> (Thumb, 0 bytes, Stack size unknown bytes, entry10a.o(.ARM.Collect$$$$0000000D))

<P><STRONG><a name="[cc]"></a>__rt_final_exit</STRONG> (Thumb, 0 bytes, Stack size unknown bytes, entry11a.o(.ARM.Collect$$$$0000000F))

<P><STRONG><a name="[0]"></a>Reset_Handler</STRONG> (Thumb, 8 bytes, Stack size 0 bytes, startup_stm32l053xx.o(.text))
<BR>[Address Reference Count : 1]<UL><LI> startup_stm32l053xx.o(RESET)
</UL>
<P><STRONG><a name="[12]"></a>ADC1_COMP_IRQHandler</STRONG> (Thumb, 0 bytes, Stack size 0 bytes, startup_stm32l053xx.o(.text))
<BR><BR>[Calls]<UL><LI><a href="#[12]">&gt;&gt;</a>&nbsp;&nbsp;&nbsp;ADC1_COMP_IRQHandler
</UL>
<BR>[Called By]<UL><LI><a href="#[12]">&gt;&gt;</a>&nbsp;&nbsp;&nbsp;ADC1_COMP_IRQHandler
</UL>
<BR>[Address Reference Count : 1]<UL><LI> startup_stm32l053xx.o(RESET)
</UL>
<P><STRONG><a name="[f]"></a>DMA1_Channel1_IRQHandler</STRONG> (Thumb, 0 bytes, Stack size 0 bytes, startup_stm32l053xx.o(.text))
<BR>[Address Reference Count : 1]<UL><LI> startup_stm32l053xx.o(RESET)
</UL>
<P><STRONG><a name="[10]"></a>DMA1_Channel2_3_IRQHandler</STRONG> (Thumb, 0 bytes, Stack size 0 bytes, startup_stm32l053xx.o(.text))
<BR>[Address Reference Count : 1]<UL><LI> startup_stm32l053xx.o(RESET)
</UL>
<P><STRONG><a name="[11]"></a>DMA1_Channel4_5_6_7_IRQHandler</STRONG> (Thumb, 0 bytes, Stack size 0 bytes, startup_stm32l053xx.o(.text))
<BR>[Address Reference Count : 1]<UL><LI> startup_stm32l053xx.o(RESET)
</UL>
<P><STRONG><a name="[b]"></a>EXTI0_1_IRQHandler</STRONG> (Thumb, 0 bytes, Stack size 0 bytes, startup_stm32l053xx.o(.text))
<BR>[Address Reference Count : 1]<UL><LI> startup_stm32l053xx.o(RESET)
</UL>
<P><STRONG><a name="[c]"></a>EXTI2_3_IRQHandler</STRONG> (Thumb, 0 bytes, Stack size 0 bytes, startup_stm32l053xx.o(.text))
<BR>[Address Reference Count : 1]<UL><LI> startup_stm32l053xx.o(RESET)
</UL>
<P><STRONG><a name="[d]"></a>EXTI4_15_IRQHandler</STRONG> (Thumb, 0 bytes, Stack size 0 bytes, startup_stm32l053xx.o(.text))
<BR>[Address Reference Count : 1]<UL><LI> startup_stm32l053xx.o(RESET)
</UL>
<P><STRONG><a name="[9]"></a>FLASH_IRQHandler</STRONG> (Thumb, 0 bytes, Stack size 0 bytes, startup_stm32l053xx.o(.text))
<BR>[Address Reference Count : 1]<UL><LI> startup_stm32l053xx.o(RESET)
</UL>
<P><STRONG><a name="[18]"></a>I2C1_IRQHandler</STRONG> (Thumb, 0 bytes, Stack size 0 bytes, startup_stm32l053xx.o(.text))
<BR>[Address Reference Count : 1]<UL><LI> startup_stm32l053xx.o(RESET)
</UL>
<P><STRONG><a name="[19]"></a>I2C2_IRQHandler</STRONG> (Thumb, 0 bytes, Stack size 0 bytes, startup_stm32l053xx.o(.text))
<BR>[Address Reference Count : 1]<UL><LI> startup_stm32l053xx.o(RESET)
</UL>
<P><STRONG><a name="[1f]"></a>LCD_IRQHandler</STRONG> (Thumb, 0 bytes, Stack size 0 bytes, startup_stm32l053xx.o(.text))
<BR>[Address Reference Count : 1]<UL><LI> startup_stm32l053xx.o(RESET)
</UL>
<P><STRONG><a name="[13]"></a>LPTIM1_IRQHandler</STRONG> (Thumb, 0 bytes, Stack size 0 bytes, startup_stm32l053xx.o(.text))
<BR>[Address Reference Count : 1]<UL><LI> startup_stm32l053xx.o(RESET)
</UL>
<P><STRONG><a name="[7]"></a>PVD_IRQHandler</STRONG> (Thumb, 0 bytes, Stack size 0 bytes, startup_stm32l053xx.o(.text))
<BR>[Address Reference Count : 1]<UL><LI> startup_stm32l053xx.o(RESET)
</UL>
<P><STRONG><a name="[a]"></a>RCC_CRS_IRQHandler</STRONG> (Thumb, 0 bytes, Stack size 0 bytes, startup_stm32l053xx.o(.text))
<BR>[Address Reference Count : 1]<UL><LI> startup_stm32l053xx.o(RESET)
</UL>
<P><STRONG><a name="[1e]"></a>RNG_LPUART1_IRQHandler</STRONG> (Thumb, 0 bytes, Stack size 0 bytes, startup_stm32l053xx.o(.text))
<BR>[Address Reference Count : 1]<UL><LI> startup_stm32l053xx.o(RESET)
</UL>
<P><STRONG><a name="[8]"></a>RTC_IRQHandler</STRONG> (Thumb, 0 bytes, Stack size 0 bytes, startup_stm32l053xx.o(.text))
<BR>[Address Reference Count : 1]<UL><LI> startup_stm32l053xx.o(RESET)
</UL>
<P><STRONG><a name="[1a]"></a>SPI1_IRQHandler</STRONG> (Thumb, 0 bytes, Stack size 0 bytes, startup_stm32l053xx.o(.text))
<BR>[Address Reference Count : 1]<UL><LI> startup_stm32l053xx.o(RESET)
</UL>
<P><STRONG><a name="[1b]"></a>SPI2_IRQHandler</STRONG> (Thumb, 0 bytes, Stack size 0 bytes, startup_stm32l053xx.o(.text))
<BR>[Address Reference Count : 1]<UL><LI> startup_stm32l053xx.o(RESET)
</UL>
<P><STRONG><a name="[16]"></a>TIM21_IRQHandler</STRONG> (Thumb, 0 bytes, Stack size 0 bytes, startup_stm32l053xx.o(.text))
<BR>[Address Reference Count : 1]<UL><LI> startup_stm32l053xx.o(RESET)
</UL>
<P><STRONG><a name="[17]"></a>TIM22_IRQHandler</STRONG> (Thumb, 0 bytes, Stack size 0 bytes, startup_stm32l053xx.o(.text))
<BR>[Address Reference Count : 1]<UL><LI> startup_stm32l053xx.o(RESET)
</UL>
<P><STRONG><a name="[14]"></a>TIM2_IRQHandler</STRONG> (Thumb, 0 bytes, Stack size 0 bytes, startup_stm32l053xx.o(.text))
<BR>[Address Reference Count : 1]<UL><LI> startup_stm32l053xx.o(RESET)
</UL>
<P><STRONG><a name="[15]"></a>TIM6_DAC_IRQHandler</STRONG> (Thumb, 0 bytes, Stack size 0 bytes, startup_stm32l053xx.o(.text))
<BR>[Address Reference Count : 1]<UL><LI> startup_stm32l053xx.o(RESET)
</UL>
<P><STRONG><a name="[e]"></a>TSC_IRQHandler</STRONG> (Thumb, 0 bytes, Stack size 0 bytes, startup_stm32l053xx.o(.text))
<BR>[Address Reference Count : 1]<UL><LI> startup_stm32l053xx.o(RESET)
</UL>
<P><STRONG><a name="[20]"></a>USB_IRQHandler</STRONG> (Thumb, 0 bytes, Stack size 0 bytes, startup_stm32l053xx.o(.text))
<BR>[Address Reference Count : 1]<UL><LI> startup_stm32l053xx.o(RESET)
</UL>
<P><STRONG><a name="[6]"></a>WWDG_IRQHandler</STRONG> (Thumb, 0 bytes, Stack size 0 bytes, startup_stm32l053xx.o(.text))
<BR>[Address Reference Count : 1]<UL><LI> startup_stm32l053xx.o(RESET)
</UL>
<P><STRONG><a name="[58]"></a>__aeabi_uidiv</STRONG> (Thumb, 0 bytes, Stack size 12 bytes, uidiv.o(.text))
<BR><BR>[Stack]<UL><LI>Max Depth = 12<LI>Call Chain = __aeabi_uidiv
</UL>
<BR>[Called By]<UL><LI><a href="#[53]">&gt;&gt;</a>&nbsp;&nbsp;&nbsp;QS_onStartup
<LI><a href="#[70]">&gt;&gt;</a>&nbsp;&nbsp;&nbsp;UART_SetConfig
<LI><a href="#[56]">&gt;&gt;</a>&nbsp;&nbsp;&nbsp;HAL_InitTick
</UL>

<P><STRONG><a name="[cd]"></a>__aeabi_uidivmod</STRONG> (Thumb, 44 bytes, Stack size 12 bytes, uidiv.o(.text), UNUSED)

<P><STRONG><a name="[39]"></a>__aeabi_uldivmod</STRONG> (Thumb, 96 bytes, Stack size 48 bytes, uldiv.o(.text))
<BR><BR>[Stack]<UL><LI>Max Depth = 56<LI>Call Chain = __aeabi_uldivmod &rArr; __aeabi_llsr
</UL>
<BR>[Calls]<UL><LI><a href="#[3a]">&gt;&gt;</a>&nbsp;&nbsp;&nbsp;__aeabi_llsr
<LI><a href="#[3b]">&gt;&gt;</a>&nbsp;&nbsp;&nbsp;__aeabi_llsl
</UL>
<BR>[Called By]<UL><LI><a href="#[70]">&gt;&gt;</a>&nbsp;&nbsp;&nbsp;UART_SetConfig
<LI><a href="#[60]">&gt;&gt;</a>&nbsp;&nbsp;&nbsp;HAL_RCC_GetSysClockFreq
</UL>

<P><STRONG><a name="[3c]"></a>__aeabi_lmul</STRONG> (Thumb, 122 bytes, Stack size 64 bytes, llmul.o(.text))
<BR><BR>[Stack]<UL><LI>Max Depth = 72<LI>Call Chain = __aeabi_lmul &rArr; __aeabi_llsl
</UL>
<BR>[Calls]<UL><LI><a href="#[3b]">&gt;&gt;</a>&nbsp;&nbsp;&nbsp;__aeabi_llsl
</UL>
<BR>[Called By]<UL><LI><a href="#[60]">&gt;&gt;</a>&nbsp;&nbsp;&nbsp;HAL_RCC_GetSysClockFreq
</UL>

<P><STRONG><a name="[ce]"></a>_ll_mul</STRONG> (Thumb, 0 bytes, Stack size 64 bytes, llmul.o(.text), UNUSED)

<P><STRONG><a name="[3e]"></a>__aeabi_memset</STRONG> (Thumb, 14 bytes, Stack size 0 bytes, memseta.o(.text), UNUSED)
<BR><BR>[Called By]<UL><LI><a href="#[3f]">&gt;&gt;</a>&nbsp;&nbsp;&nbsp;_memset$wrapper
<LI><a href="#[3d]">&gt;&gt;</a>&nbsp;&nbsp;&nbsp;__aeabi_memclr
</UL>

<P><STRONG><a name="[cf]"></a>__aeabi_memset4</STRONG> (Thumb, 0 bytes, Stack size 0 bytes, memseta.o(.text), UNUSED)

<P><STRONG><a name="[d0]"></a>__aeabi_memset8</STRONG> (Thumb, 0 bytes, Stack size 0 bytes, memseta.o(.text), UNUSED)

<P><STRONG><a name="[3d]"></a>__aeabi_memclr</STRONG> (Thumb, 4 bytes, Stack size 0 bytes, memseta.o(.text), UNUSED)
<BR><BR>[Calls]<UL><LI><a href="#[3e]">&gt;&gt;</a>&nbsp;&nbsp;&nbsp;__aeabi_memset
</UL>

<P><STRONG><a name="[c1]"></a>__aeabi_memclr4</STRONG> (Thumb, 0 bytes, Stack size 0 bytes, memseta.o(.text))
<BR><BR>[Called By]<UL><LI><a href="#[c0]">&gt;&gt;</a>&nbsp;&nbsp;&nbsp;SystemClock_Config
</UL>

<P><STRONG><a name="[d1]"></a>__aeabi_memclr8</STRONG> (Thumb, 0 bytes, Stack size 0 bytes, memseta.o(.text), UNUSED)

<P><STRONG><a name="[3f]"></a>_memset$wrapper</STRONG> (Thumb, 18 bytes, Stack size 8 bytes, memseta.o(.text), UNUSED)
<BR><BR>[Calls]<UL><LI><a href="#[3e]">&gt;&gt;</a>&nbsp;&nbsp;&nbsp;__aeabi_memset
</UL>

<P><STRONG><a name="[3b]"></a>__aeabi_llsl</STRONG> (Thumb, 32 bytes, Stack size 8 bytes, llshl.o(.text))
<BR><BR>[Stack]<UL><LI>Max Depth = 8<LI>Call Chain = __aeabi_llsl
</UL>
<BR>[Called By]<UL><LI><a href="#[3c]">&gt;&gt;</a>&nbsp;&nbsp;&nbsp;__aeabi_lmul
<LI><a href="#[39]">&gt;&gt;</a>&nbsp;&nbsp;&nbsp;__aeabi_uldivmod
</UL>

<P><STRONG><a name="[d2]"></a>_ll_shift_l</STRONG> (Thumb, 0 bytes, Stack size 8 bytes, llshl.o(.text), UNUSED)

<P><STRONG><a name="[3a]"></a>__aeabi_llsr</STRONG> (Thumb, 34 bytes, Stack size 8 bytes, llushr.o(.text))
<BR><BR>[Stack]<UL><LI>Max Depth = 8<LI>Call Chain = __aeabi_llsr
</UL>
<BR>[Called By]<UL><LI><a href="#[39]">&gt;&gt;</a>&nbsp;&nbsp;&nbsp;__aeabi_uldivmod
</UL>

<P><STRONG><a name="[d3]"></a>_ll_ushift_r</STRONG> (Thumb, 0 bytes, Stack size 8 bytes, llushr.o(.text), UNUSED)

<P><STRONG><a name="[38]"></a>__scatterload</STRONG> (Thumb, 28 bytes, Stack size 0 bytes, init.o(.text))
<BR><BR>[Calls]<UL><LI><a href="#[40]">&gt;&gt;</a>&nbsp;&nbsp;&nbsp;__main_after_scatterload
</UL>
<BR>[Called By]<UL><LI><a href="#[37]">&gt;&gt;</a>&nbsp;&nbsp;&nbsp;_main_scatterload
</UL>

<P><STRONG><a name="[d4]"></a>__scatterload_rt2</STRONG> (Thumb, 0 bytes, Stack size 0 bytes, init.o(.text), UNUSED)

<P><STRONG><a name="[41]"></a>BSP_ParseRsp</STRONG> (Thumb, 144 bytes, Stack size 16 bytes, bsp.o(.text.BSP_ParseRsp))
<BR><BR>[Stack]<UL><LI>Max Depth = 48<LI>Call Chain = BSP_ParseRsp &rArr; QS_beginRec_
</UL>
<BR>[Calls]<UL><LI><a href="#[44]">&gt;&gt;</a>&nbsp;&nbsp;&nbsp;QS_u32_raw_
<LI><a href="#[45]">&gt;&gt;</a>&nbsp;&nbsp;&nbsp;QS_str_fmt_
<LI><a href="#[43]">&gt;&gt;</a>&nbsp;&nbsp;&nbsp;QS_onGetTime
<LI><a href="#[46]">&gt;&gt;</a>&nbsp;&nbsp;&nbsp;QS_endRec_
<LI><a href="#[42]">&gt;&gt;</a>&nbsp;&nbsp;&nbsp;QS_beginRec_
</UL>
<BR>[Called By]<UL><LI><a href="#[2c]">&gt;&gt;</a>&nbsp;&nbsp;&nbsp;UartMstr_RX
</UL>

<P><STRONG><a name="[47]"></a>BSP_SysTick_Handler</STRONG> (Thumb, 208 bytes, Stack size 32 bytes, bsp.o(.text.BSP_SysTick_Handler))
<BR><BR>[Stack]<UL><LI>Max Depth = 316<LI>Call Chain = BSP_SysTick_Handler &rArr; QF_newX_ &rArr; QMPool_get &rArr; Q_onAssert &rArr; QS_ASSERTION &rArr; QS_onFlush &rArr; HAL_UART_Transmit &rArr; UART_WaitOnFlagUntilTimeout &rArr; UART_EndRxTransfer
</UL>
<BR>[Calls]<UL><LI><a href="#[48]">&gt;&gt;</a>&nbsp;&nbsp;&nbsp;QTimeEvt_tick_
<LI><a href="#[4a]">&gt;&gt;</a>&nbsp;&nbsp;&nbsp;QF_newX_
<LI><a href="#[49]">&gt;&gt;</a>&nbsp;&nbsp;&nbsp;HAL_GetTick
</UL>
<BR>[Called By]<UL><LI><a href="#[5]">&gt;&gt;</a>&nbsp;&nbsp;&nbsp;SysTick_Handler
</UL>

<P><STRONG><a name="[4b]"></a>BSP_UART_Error_Handler</STRONG> (Thumb, 64 bytes, Stack size 8 bytes, bsp.o(.text.BSP_UART_Error_Handler))
<BR><BR>[Stack]<UL><LI>Max Depth = 40<LI>Call Chain = BSP_UART_Error_Handler &rArr; QS_beginRec_
</UL>
<BR>[Calls]<UL><LI><a href="#[44]">&gt;&gt;</a>&nbsp;&nbsp;&nbsp;QS_u32_raw_
<LI><a href="#[45]">&gt;&gt;</a>&nbsp;&nbsp;&nbsp;QS_str_fmt_
<LI><a href="#[43]">&gt;&gt;</a>&nbsp;&nbsp;&nbsp;QS_onGetTime
<LI><a href="#[46]">&gt;&gt;</a>&nbsp;&nbsp;&nbsp;QS_endRec_
<LI><a href="#[42]">&gt;&gt;</a>&nbsp;&nbsp;&nbsp;QS_beginRec_
</UL>
<BR>[Called By]<UL><LI><a href="#[2e]">&gt;&gt;</a>&nbsp;&nbsp;&nbsp;UartMstr_ERR
</UL>

<P><STRONG><a name="[4c]"></a>BSP_UART_Receive</STRONG> (Thumb, 20 bytes, Stack size 8 bytes, bsp.o(.text.BSP_UART_Receive))
<BR><BR>[Stack]<UL><LI>Max Depth = 108<LI>Call Chain = BSP_UART_Receive &rArr; HAL_UART_Receive_IT &rArr; UART_Start_Receive_IT
</UL>
<BR>[Calls]<UL><LI><a href="#[4d]">&gt;&gt;</a>&nbsp;&nbsp;&nbsp;HAL_UART_Receive_IT
</UL>
<BR>[Called By]<UL><LI><a href="#[2f]">&gt;&gt;</a>&nbsp;&nbsp;&nbsp;UartMstr_TX
</UL>

<P><STRONG><a name="[4e]"></a>BSP_UART_Send</STRONG> (Thumb, 96 bytes, Stack size 16 bytes, bsp.o(.text.BSP_UART_Send))
<BR><BR>[Stack]<UL><LI>Max Depth = 48<LI>Call Chain = BSP_UART_Send &rArr; QS_beginRec_
</UL>
<BR>[Calls]<UL><LI><a href="#[44]">&gt;&gt;</a>&nbsp;&nbsp;&nbsp;QS_u32_raw_
<LI><a href="#[45]">&gt;&gt;</a>&nbsp;&nbsp;&nbsp;QS_str_fmt_
<LI><a href="#[43]">&gt;&gt;</a>&nbsp;&nbsp;&nbsp;QS_onGetTime
<LI><a href="#[46]">&gt;&gt;</a>&nbsp;&nbsp;&nbsp;QS_endRec_
<LI><a href="#[42]">&gt;&gt;</a>&nbsp;&nbsp;&nbsp;QS_beginRec_
<LI><a href="#[4f]">&gt;&gt;</a>&nbsp;&nbsp;&nbsp;HAL_UART_Transmit_IT
</UL>
<BR>[Called By]<UL><LI><a href="#[2f]">&gt;&gt;</a>&nbsp;&nbsp;&nbsp;UartMstr_TX
</UL>

<P><STRONG><a name="[c4]"></a>BSP_Uart_DeInit</STRONG> (Thumb, 2 bytes, Stack size 0 bytes, bsp.o(.text.BSP_Uart_DeInit))
<BR><BR>[Called By]<UL><LI><a href="#[30]">&gt;&gt;</a>&nbsp;&nbsp;&nbsp;UartMstr_Idle
</UL>

<P><STRONG><a name="[c3]"></a>BSP_Uart_Init</STRONG> (Thumb, 2 bytes, Stack size 0 bytes, bsp.o(.text.BSP_Uart_Init))
<BR><BR>[Called By]<UL><LI><a href="#[2b]">&gt;&gt;</a>&nbsp;&nbsp;&nbsp;UartMstr_Active
</UL>

<P><STRONG><a name="[50]"></a>BSP_init</STRONG> (Thumb, 56 bytes, Stack size 16 bytes, bsp.o(.text.BSP_init))
<BR><BR>[Stack]<UL><LI>Max Depth = 308<LI>Call Chain = BSP_init &rArr; QS_onStartup &rArr; QS_initBuf &rArr; QS_glbFilter_ &rArr; Q_onAssert &rArr; QS_ASSERTION &rArr; QS_onFlush &rArr; HAL_UART_Transmit &rArr; UART_WaitOnFlagUntilTimeout &rArr; UART_EndRxTransfer
</UL>
<BR>[Calls]<UL><LI><a href="#[53]">&gt;&gt;</a>&nbsp;&nbsp;&nbsp;QS_onStartup
<LI><a href="#[54]">&gt;&gt;</a>&nbsp;&nbsp;&nbsp;QS_glbFilter_
<LI><a href="#[52]">&gt;&gt;</a>&nbsp;&nbsp;&nbsp;MX_USART2_UART_Init
<LI><a href="#[51]">&gt;&gt;</a>&nbsp;&nbsp;&nbsp;MX_GPIO_Init
<LI><a href="#[4d]">&gt;&gt;</a>&nbsp;&nbsp;&nbsp;HAL_UART_Receive_IT
</UL>
<BR>[Called By]<UL><LI><a href="#[21]">&gt;&gt;</a>&nbsp;&nbsp;&nbsp;main
</UL>

<P><STRONG><a name="[7b]"></a>Error_Handler</STRONG> (Thumb, 14 bytes, Stack size 4 bytes, main.o(.text.Error_Handler))
<BR><BR>[Stack]<UL><LI>Max Depth = 4<LI>Call Chain = Error_Handler
</UL>
<BR>[Called By]<UL><LI><a href="#[c0]">&gt;&gt;</a>&nbsp;&nbsp;&nbsp;SystemClock_Config
<LI><a href="#[7a]">&gt;&gt;</a>&nbsp;&nbsp;&nbsp;MX_USART1_UART_Init
<LI><a href="#[52]">&gt;&gt;</a>&nbsp;&nbsp;&nbsp;MX_USART2_UART_Init
</UL>

<P><STRONG><a name="[6a]"></a>HAL_DMA_Abort</STRONG> (Thumb, 122 bytes, Stack size 12 bytes, stm32l0xx_hal_dma.o(.text.HAL_DMA_Abort))
<BR><BR>[Stack]<UL><LI>Max Depth = 12<LI>Call Chain = HAL_DMA_Abort
</UL>
<BR>[Called By]<UL><LI><a href="#[66]">&gt;&gt;</a>&nbsp;&nbsp;&nbsp;HAL_UART_IRQHandler
</UL>

<P><STRONG><a name="[68]"></a>HAL_DMA_Abort_IT</STRONG> (Thumb, 124 bytes, Stack size 16 bytes, stm32l0xx_hal_dma.o(.text.HAL_DMA_Abort_IT))
<BR><BR>[Stack]<UL><LI>Max Depth = 16<LI>Call Chain = HAL_DMA_Abort_IT
</UL>
<BR>[Called By]<UL><LI><a href="#[66]">&gt;&gt;</a>&nbsp;&nbsp;&nbsp;HAL_UART_IRQHandler
</UL>

<P><STRONG><a name="[73]"></a>HAL_GPIO_Init</STRONG> (Thumb, 760 bytes, Stack size 44 bytes, stm32l0xx_hal_gpio.o(.text.HAL_GPIO_Init))
<BR><BR>[Stack]<UL><LI>Max Depth = 44<LI>Call Chain = HAL_GPIO_Init
</UL>
<BR>[Called By]<UL><LI><a href="#[51]">&gt;&gt;</a>&nbsp;&nbsp;&nbsp;MX_GPIO_Init
<LI><a href="#[6f]">&gt;&gt;</a>&nbsp;&nbsp;&nbsp;HAL_UART_MspInit
</UL>

<P><STRONG><a name="[79]"></a>HAL_GPIO_WritePin</STRONG> (Thumb, 50 bytes, Stack size 20 bytes, stm32l0xx_hal_gpio.o(.text.HAL_GPIO_WritePin))
<BR><BR>[Stack]<UL><LI>Max Depth = 20<LI>Call Chain = HAL_GPIO_WritePin
</UL>
<BR>[Called By]<UL><LI><a href="#[51]">&gt;&gt;</a>&nbsp;&nbsp;&nbsp;MX_GPIO_Init
</UL>

<P><STRONG><a name="[49]"></a>HAL_GetTick</STRONG> (Thumb, 8 bytes, Stack size 0 bytes, stm32l0xx_hal.o(.text.HAL_GetTick))
<BR><BR>[Called By]<UL><LI><a href="#[64]">&gt;&gt;</a>&nbsp;&nbsp;&nbsp;HAL_RCC_OscConfig
<LI><a href="#[5f]">&gt;&gt;</a>&nbsp;&nbsp;&nbsp;HAL_RCC_ClockConfig
<LI><a href="#[5e]">&gt;&gt;</a>&nbsp;&nbsp;&nbsp;HAL_RCCEx_PeriphCLKConfig
<LI><a href="#[77]">&gt;&gt;</a>&nbsp;&nbsp;&nbsp;HAL_UART_Transmit
<LI><a href="#[47]">&gt;&gt;</a>&nbsp;&nbsp;&nbsp;BSP_SysTick_Handler
<LI><a href="#[78]">&gt;&gt;</a>&nbsp;&nbsp;&nbsp;UART_WaitOnFlagUntilTimeout
<LI><a href="#[72]">&gt;&gt;</a>&nbsp;&nbsp;&nbsp;UART_CheckIdleState
</UL>

<P><STRONG><a name="[bf]"></a>HAL_IncTick</STRONG> (Thumb, 20 bytes, Stack size 0 bytes, stm32l0xx_hal.o(.text.HAL_IncTick))
<BR><BR>[Called By]<UL><LI><a href="#[5]">&gt;&gt;</a>&nbsp;&nbsp;&nbsp;SysTick_Handler
</UL>

<P><STRONG><a name="[55]"></a>HAL_Init</STRONG> (Thumb, 60 bytes, Stack size 16 bytes, stm32l0xx_hal.o(.text.HAL_Init))
<BR><BR>[Stack]<UL><LI>Max Depth = 112<LI>Call Chain = HAL_Init &rArr; HAL_InitTick &rArr; HAL_SYSTICK_Config &rArr; SysTick_Config &rArr; __NVIC_SetPriority
</UL>
<BR>[Calls]<UL><LI><a href="#[57]">&gt;&gt;</a>&nbsp;&nbsp;&nbsp;HAL_MspInit
<LI><a href="#[56]">&gt;&gt;</a>&nbsp;&nbsp;&nbsp;HAL_InitTick
</UL>
<BR>[Called By]<UL><LI><a href="#[21]">&gt;&gt;</a>&nbsp;&nbsp;&nbsp;main
</UL>

<P><STRONG><a name="[56]"></a>HAL_InitTick</STRONG> (Thumb, 124 bytes, Stack size 32 bytes, stm32l0xx_hal.o(.text.HAL_InitTick))
<BR><BR>[Stack]<UL><LI>Max Depth = 96<LI>Call Chain = HAL_InitTick &rArr; HAL_SYSTICK_Config &rArr; SysTick_Config &rArr; __NVIC_SetPriority
</UL>
<BR>[Calls]<UL><LI><a href="#[5a]">&gt;&gt;</a>&nbsp;&nbsp;&nbsp;HAL_NVIC_SetPriority
<LI><a href="#[59]">&gt;&gt;</a>&nbsp;&nbsp;&nbsp;HAL_SYSTICK_Config
<LI><a href="#[58]">&gt;&gt;</a>&nbsp;&nbsp;&nbsp;__aeabi_uidiv
</UL>
<BR>[Called By]<UL><LI><a href="#[64]">&gt;&gt;</a>&nbsp;&nbsp;&nbsp;HAL_RCC_OscConfig
<LI><a href="#[5f]">&gt;&gt;</a>&nbsp;&nbsp;&nbsp;HAL_RCC_ClockConfig
<LI><a href="#[55]">&gt;&gt;</a>&nbsp;&nbsp;&nbsp;HAL_Init
</UL>

<P><STRONG><a name="[57]"></a>HAL_MspInit</STRONG> (Thumb, 28 bytes, Stack size 0 bytes, stm32l0xx_hal_msp.o(.text.HAL_MspInit))
<BR><BR>[Called By]<UL><LI><a href="#[55]">&gt;&gt;</a>&nbsp;&nbsp;&nbsp;HAL_Init
</UL>

<P><STRONG><a name="[5b]"></a>HAL_NVIC_EnableIRQ</STRONG> (Thumb, 24 bytes, Stack size 16 bytes, stm32l0xx_hal_cortex.o(.text.HAL_NVIC_EnableIRQ))
<BR><BR>[Stack]<UL><LI>Max Depth = 20<LI>Call Chain = HAL_NVIC_EnableIRQ &rArr; __NVIC_EnableIRQ
</UL>
<BR>[Calls]<UL><LI><a href="#[5c]">&gt;&gt;</a>&nbsp;&nbsp;&nbsp;__NVIC_EnableIRQ
</UL>
<BR>[Called By]<UL><LI><a href="#[6f]">&gt;&gt;</a>&nbsp;&nbsp;&nbsp;HAL_UART_MspInit
</UL>

<P><STRONG><a name="[5a]"></a>HAL_NVIC_SetPriority</STRONG> (Thumb, 30 bytes, Stack size 24 bytes, stm32l0xx_hal_cortex.o(.text.HAL_NVIC_SetPriority))
<BR><BR>[Stack]<UL><LI>Max Depth = 48<LI>Call Chain = HAL_NVIC_SetPriority &rArr; __NVIC_SetPriority
</UL>
<BR>[Calls]<UL><LI><a href="#[5d]">&gt;&gt;</a>&nbsp;&nbsp;&nbsp;__NVIC_SetPriority
</UL>
<BR>[Called By]<UL><LI><a href="#[6f]">&gt;&gt;</a>&nbsp;&nbsp;&nbsp;HAL_UART_MspInit
<LI><a href="#[56]">&gt;&gt;</a>&nbsp;&nbsp;&nbsp;HAL_InitTick
</UL>

<P><STRONG><a name="[5e]"></a>HAL_RCCEx_PeriphCLKConfig</STRONG> (Thumb, 844 bytes, Stack size 32 bytes, stm32l0xx_hal_rcc_ex.o(.text.HAL_RCCEx_PeriphCLKConfig))
<BR><BR>[Stack]<UL><LI>Max Depth = 32<LI>Call Chain = HAL_RCCEx_PeriphCLKConfig
</UL>
<BR>[Calls]<UL><LI><a href="#[49]">&gt;&gt;</a>&nbsp;&nbsp;&nbsp;HAL_GetTick
</UL>
<BR>[Called By]<UL><LI><a href="#[c0]">&gt;&gt;</a>&nbsp;&nbsp;&nbsp;SystemClock_Config
</UL>

<P><STRONG><a name="[5f]"></a>HAL_RCC_ClockConfig</STRONG> (Thumb, 756 bytes, Stack size 32 bytes, stm32l0xx_hal_rcc.o(.text.HAL_RCC_ClockConfig))
<BR><BR>[Stack]<UL><LI>Max Depth = 152<LI>Call Chain = HAL_RCC_ClockConfig &rArr; HAL_RCC_GetSysClockFreq &rArr; __aeabi_lmul &rArr; __aeabi_llsl
</UL>
<BR>[Calls]<UL><LI><a href="#[49]">&gt;&gt;</a>&nbsp;&nbsp;&nbsp;HAL_GetTick
<LI><a href="#[60]">&gt;&gt;</a>&nbsp;&nbsp;&nbsp;HAL_RCC_GetSysClockFreq
<LI><a href="#[56]">&gt;&gt;</a>&nbsp;&nbsp;&nbsp;HAL_InitTick
</UL>
<BR>[Called By]<UL><LI><a href="#[c0]">&gt;&gt;</a>&nbsp;&nbsp;&nbsp;SystemClock_Config
</UL>

<P><STRONG><a name="[62]"></a>HAL_RCC_GetHCLKFreq</STRONG> (Thumb, 12 bytes, Stack size 0 bytes, stm32l0xx_hal_rcc.o(.text.HAL_RCC_GetHCLKFreq))
<BR><BR>[Called By]<UL><LI><a href="#[63]">&gt;&gt;</a>&nbsp;&nbsp;&nbsp;HAL_RCC_GetPCLK2Freq
<LI><a href="#[61]">&gt;&gt;</a>&nbsp;&nbsp;&nbsp;HAL_RCC_GetPCLK1Freq
</UL>

<P><STRONG><a name="[61]"></a>HAL_RCC_GetPCLK1Freq</STRONG> (Thumb, 28 bytes, Stack size 8 bytes, stm32l0xx_hal_rcc.o(.text.HAL_RCC_GetPCLK1Freq))
<BR><BR>[Stack]<UL><LI>Max Depth = 8<LI>Call Chain = HAL_RCC_GetPCLK1Freq
</UL>
<BR>[Calls]<UL><LI><a href="#[62]">&gt;&gt;</a>&nbsp;&nbsp;&nbsp;HAL_RCC_GetHCLKFreq
</UL>
<BR>[Called By]<UL><LI><a href="#[70]">&gt;&gt;</a>&nbsp;&nbsp;&nbsp;UART_SetConfig
</UL>

<P><STRONG><a name="[63]"></a>HAL_RCC_GetPCLK2Freq</STRONG> (Thumb, 32 bytes, Stack size 8 bytes, stm32l0xx_hal_rcc.o(.text.HAL_RCC_GetPCLK2Freq))
<BR><BR>[Stack]<UL><LI>Max Depth = 8<LI>Call Chain = HAL_RCC_GetPCLK2Freq
</UL>
<BR>[Calls]<UL><LI><a href="#[62]">&gt;&gt;</a>&nbsp;&nbsp;&nbsp;HAL_RCC_GetHCLKFreq
</UL>
<BR>[Called By]<UL><LI><a href="#[70]">&gt;&gt;</a>&nbsp;&nbsp;&nbsp;UART_SetConfig
</UL>

<P><STRONG><a name="[60]"></a>HAL_RCC_GetSysClockFreq</STRONG> (Thumb, 280 bytes, Stack size 48 bytes, stm32l0xx_hal_rcc.o(.text.HAL_RCC_GetSysClockFreq))
<BR><BR>[Stack]<UL><LI>Max Depth = 120<LI>Call Chain = HAL_RCC_GetSysClockFreq &rArr; __aeabi_lmul &rArr; __aeabi_llsl
</UL>
<BR>[Calls]<UL><LI><a href="#[3c]">&gt;&gt;</a>&nbsp;&nbsp;&nbsp;__aeabi_lmul
<LI><a href="#[39]">&gt;&gt;</a>&nbsp;&nbsp;&nbsp;__aeabi_uldivmod
</UL>
<BR>[Called By]<UL><LI><a href="#[64]">&gt;&gt;</a>&nbsp;&nbsp;&nbsp;HAL_RCC_OscConfig
<LI><a href="#[5f]">&gt;&gt;</a>&nbsp;&nbsp;&nbsp;HAL_RCC_ClockConfig
<LI><a href="#[70]">&gt;&gt;</a>&nbsp;&nbsp;&nbsp;UART_SetConfig
</UL>

<P><STRONG><a name="[64]"></a>HAL_RCC_OscConfig</STRONG> (Thumb, 2128 bytes, Stack size 48 bytes, stm32l0xx_hal_rcc.o(.text.HAL_RCC_OscConfig))
<BR><BR>[Stack]<UL><LI>Max Depth = 168<LI>Call Chain = HAL_RCC_OscConfig &rArr; HAL_RCC_GetSysClockFreq &rArr; __aeabi_lmul &rArr; __aeabi_llsl
</UL>
<BR>[Calls]<UL><LI><a href="#[49]">&gt;&gt;</a>&nbsp;&nbsp;&nbsp;HAL_GetTick
<LI><a href="#[60]">&gt;&gt;</a>&nbsp;&nbsp;&nbsp;HAL_RCC_GetSysClockFreq
<LI><a href="#[56]">&gt;&gt;</a>&nbsp;&nbsp;&nbsp;HAL_InitTick
</UL>
<BR>[Called By]<UL><LI><a href="#[c0]">&gt;&gt;</a>&nbsp;&nbsp;&nbsp;SystemClock_Config
</UL>

<P><STRONG><a name="[59]"></a>HAL_SYSTICK_Config</STRONG> (Thumb, 16 bytes, Stack size 16 bytes, stm32l0xx_hal_cortex.o(.text.HAL_SYSTICK_Config))
<BR><BR>[Stack]<UL><LI>Max Depth = 64<LI>Call Chain = HAL_SYSTICK_Config &rArr; SysTick_Config &rArr; __NVIC_SetPriority
</UL>
<BR>[Calls]<UL><LI><a href="#[65]">&gt;&gt;</a>&nbsp;&nbsp;&nbsp;SysTick_Config
</UL>
<BR>[Called By]<UL><LI><a href="#[56]">&gt;&gt;</a>&nbsp;&nbsp;&nbsp;HAL_InitTick
</UL>

<P><STRONG><a name="[6b]"></a>HAL_UARTEx_RxEventCallback</STRONG> (Thumb, 14 bytes, Stack size 8 bytes, stm32l0xx_hal_uart.o(.text.HAL_UARTEx_RxEventCallback))
<BR><BR>[Stack]<UL><LI>Max Depth = 8<LI>Call Chain = HAL_UARTEx_RxEventCallback
</UL>
<BR>[Called By]<UL><LI><a href="#[28]">&gt;&gt;</a>&nbsp;&nbsp;&nbsp;UART_RxISR_8BIT
<LI><a href="#[29]">&gt;&gt;</a>&nbsp;&nbsp;&nbsp;UART_RxISR_16BIT
<LI><a href="#[66]">&gt;&gt;</a>&nbsp;&nbsp;&nbsp;HAL_UART_IRQHandler
</UL>

<P><STRONG><a name="[6c]"></a>HAL_UARTEx_WakeupCallback</STRONG> (Thumb, 8 bytes, Stack size 4 bytes, stm32l0xx_hal_uart_ex.o(.text.HAL_UARTEx_WakeupCallback))
<BR><BR>[Stack]<UL><LI>Max Depth = 4<LI>Call Chain = HAL_UARTEx_WakeupCallback
</UL>
<BR>[Called By]<UL><LI><a href="#[66]">&gt;&gt;</a>&nbsp;&nbsp;&nbsp;HAL_UART_IRQHandler
</UL>

<P><STRONG><a name="[69]"></a>HAL_UART_ErrorCallback</STRONG> (Thumb, 8 bytes, Stack size 4 bytes, stm32l0xx_hal_uart.o(.text.HAL_UART_ErrorCallback))
<BR><BR>[Stack]<UL><LI>Max Depth = 4<LI>Call Chain = HAL_UART_ErrorCallback
</UL>
<BR>[Called By]<UL><LI><a href="#[24]">&gt;&gt;</a>&nbsp;&nbsp;&nbsp;UART_DMAAbortOnError
<LI><a href="#[66]">&gt;&gt;</a>&nbsp;&nbsp;&nbsp;HAL_UART_IRQHandler
</UL>

<P><STRONG><a name="[66]"></a>HAL_UART_IRQHandler</STRONG> (Thumb, 1304 bytes, Stack size 168 bytes, stm32l0xx_hal_uart.o(.text.HAL_UART_IRQHandler))
<BR><BR>[Stack]<UL><LI>Max Depth = 220<LI>Call Chain = HAL_UART_IRQHandler &rArr; UART_EndRxTransfer
</UL>
<BR>[Calls]<UL><LI><a href="#[69]">&gt;&gt;</a>&nbsp;&nbsp;&nbsp;HAL_UART_ErrorCallback
<LI><a href="#[6c]">&gt;&gt;</a>&nbsp;&nbsp;&nbsp;HAL_UARTEx_WakeupCallback
<LI><a href="#[6b]">&gt;&gt;</a>&nbsp;&nbsp;&nbsp;HAL_UARTEx_RxEventCallback
<LI><a href="#[68]">&gt;&gt;</a>&nbsp;&nbsp;&nbsp;HAL_DMA_Abort_IT
<LI><a href="#[6a]">&gt;&gt;</a>&nbsp;&nbsp;&nbsp;HAL_DMA_Abort
<LI><a href="#[6d]">&gt;&gt;</a>&nbsp;&nbsp;&nbsp;UART_EndTransmit_IT
<LI><a href="#[67]">&gt;&gt;</a>&nbsp;&nbsp;&nbsp;UART_EndRxTransfer
</UL>
<BR>[Called By]<UL><LI><a href="#[1d]">&gt;&gt;</a>&nbsp;&nbsp;&nbsp;USART2_IRQHandler
<LI><a href="#[1c]">&gt;&gt;</a>&nbsp;&nbsp;&nbsp;USART1_IRQHandler
</UL>

<P><STRONG><a name="[6e]"></a>HAL_UART_Init</STRONG> (Thumb, 176 bytes, Stack size 16 bytes, stm32l0xx_hal_uart.o(.text.HAL_UART_Init))
<BR><BR>[Stack]<UL><LI>Max Depth = 200<LI>Call Chain = HAL_UART_Init &rArr; UART_SetConfig &rArr; HAL_RCC_GetSysClockFreq &rArr; __aeabi_lmul &rArr; __aeabi_llsl
</UL>
<BR>[Calls]<UL><LI><a href="#[70]">&gt;&gt;</a>&nbsp;&nbsp;&nbsp;UART_SetConfig
<LI><a href="#[72]">&gt;&gt;</a>&nbsp;&nbsp;&nbsp;UART_CheckIdleState
<LI><a href="#[71]">&gt;&gt;</a>&nbsp;&nbsp;&nbsp;UART_AdvFeatureConfig
<LI><a href="#[6f]">&gt;&gt;</a>&nbsp;&nbsp;&nbsp;HAL_UART_MspInit
</UL>
<BR>[Called By]<UL><LI><a href="#[7a]">&gt;&gt;</a>&nbsp;&nbsp;&nbsp;MX_USART1_UART_Init
<LI><a href="#[52]">&gt;&gt;</a>&nbsp;&nbsp;&nbsp;MX_USART2_UART_Init
</UL>

<P><STRONG><a name="[6f]"></a>HAL_UART_MspInit</STRONG> (Thumb, 248 bytes, Stack size 56 bytes, usart.o(.text.HAL_UART_MspInit))
<BR><BR>[Stack]<UL><LI>Max Depth = 104<LI>Call Chain = HAL_UART_MspInit &rArr; HAL_NVIC_SetPriority &rArr; __NVIC_SetPriority
</UL>
<BR>[Calls]<UL><LI><a href="#[5a]">&gt;&gt;</a>&nbsp;&nbsp;&nbsp;HAL_NVIC_SetPriority
<LI><a href="#[5b]">&gt;&gt;</a>&nbsp;&nbsp;&nbsp;HAL_NVIC_EnableIRQ
<LI><a href="#[73]">&gt;&gt;</a>&nbsp;&nbsp;&nbsp;HAL_GPIO_Init
</UL>
<BR>[Called By]<UL><LI><a href="#[6e]">&gt;&gt;</a>&nbsp;&nbsp;&nbsp;HAL_UART_Init
</UL>

<P><STRONG><a name="[4d]"></a>HAL_UART_Receive_IT</STRONG> (Thumb, 220 bytes, Stack size 40 bytes, stm32l0xx_hal_uart.o(.text.HAL_UART_Receive_IT))
<BR><BR>[Stack]<UL><LI>Max Depth = 100<LI>Call Chain = HAL_UART_Receive_IT &rArr; UART_Start_Receive_IT
</UL>
<BR>[Calls]<UL><LI><a href="#[74]">&gt;&gt;</a>&nbsp;&nbsp;&nbsp;UART_Start_Receive_IT
</UL>
<BR>[Called By]<UL><LI><a href="#[75]">&gt;&gt;</a>&nbsp;&nbsp;&nbsp;HAL_UART_RxCpltCallback
<LI><a href="#[50]">&gt;&gt;</a>&nbsp;&nbsp;&nbsp;BSP_init
<LI><a href="#[4c]">&gt;&gt;</a>&nbsp;&nbsp;&nbsp;BSP_UART_Receive
</UL>

<P><STRONG><a name="[75]"></a>HAL_UART_RxCpltCallback</STRONG> (Thumb, 180 bytes, Stack size 32 bytes, bsp.o(.text.HAL_UART_RxCpltCallback))
<BR><BR>[Stack]<UL><LI>Max Depth = 316<LI>Call Chain = HAL_UART_RxCpltCallback &rArr; QF_newX_ &rArr; QMPool_get &rArr; Q_onAssert &rArr; QS_ASSERTION &rArr; QS_onFlush &rArr; HAL_UART_Transmit &rArr; UART_WaitOnFlagUntilTimeout &rArr; UART_EndRxTransfer
</UL>
<BR>[Calls]<UL><LI><a href="#[44]">&gt;&gt;</a>&nbsp;&nbsp;&nbsp;QS_u32_raw_
<LI><a href="#[45]">&gt;&gt;</a>&nbsp;&nbsp;&nbsp;QS_str_fmt_
<LI><a href="#[43]">&gt;&gt;</a>&nbsp;&nbsp;&nbsp;QS_onGetTime
<LI><a href="#[46]">&gt;&gt;</a>&nbsp;&nbsp;&nbsp;QS_endRec_
<LI><a href="#[42]">&gt;&gt;</a>&nbsp;&nbsp;&nbsp;QS_beginRec_
<LI><a href="#[76]">&gt;&gt;</a>&nbsp;&nbsp;&nbsp;QS_RX_PUT
<LI><a href="#[4a]">&gt;&gt;</a>&nbsp;&nbsp;&nbsp;QF_newX_
<LI><a href="#[4d]">&gt;&gt;</a>&nbsp;&nbsp;&nbsp;HAL_UART_Receive_IT
</UL>
<BR>[Called By]<UL><LI><a href="#[28]">&gt;&gt;</a>&nbsp;&nbsp;&nbsp;UART_RxISR_8BIT
<LI><a href="#[29]">&gt;&gt;</a>&nbsp;&nbsp;&nbsp;UART_RxISR_16BIT
</UL>

<P><STRONG><a name="[77]"></a>HAL_UART_Transmit</STRONG> (Thumb, 360 bytes, Stack size 48 bytes, stm32l0xx_hal_uart.o(.text.HAL_UART_Transmit))
<BR><BR>[Stack]<UL><LI>Max Depth = 140<LI>Call Chain = HAL_UART_Transmit &rArr; UART_WaitOnFlagUntilTimeout &rArr; UART_EndRxTransfer
</UL>
<BR>[Calls]<UL><LI><a href="#[49]">&gt;&gt;</a>&nbsp;&nbsp;&nbsp;HAL_GetTick
<LI><a href="#[78]">&gt;&gt;</a>&nbsp;&nbsp;&nbsp;UART_WaitOnFlagUntilTimeout
</UL>
<BR>[Called By]<UL><LI><a href="#[9c]">&gt;&gt;</a>&nbsp;&nbsp;&nbsp;QV_onIdle
<LI><a href="#[8f]">&gt;&gt;</a>&nbsp;&nbsp;&nbsp;QS_onFlush
</UL>

<P><STRONG><a name="[4f]"></a>HAL_UART_Transmit_IT</STRONG> (Thumb, 252 bytes, Stack size 32 bytes, stm32l0xx_hal_uart.o(.text.HAL_UART_Transmit_IT))
<BR><BR>[Stack]<UL><LI>Max Depth = 32<LI>Call Chain = HAL_UART_Transmit_IT
</UL>
<BR>[Called By]<UL><LI><a href="#[4e]">&gt;&gt;</a>&nbsp;&nbsp;&nbsp;BSP_UART_Send
</UL>

<P><STRONG><a name="[c2]"></a>HAL_UART_TxCpltCallback</STRONG> (Thumb, 64 bytes, Stack size 16 bytes, bsp.o(.text.HAL_UART_TxCpltCallback))
<BR><BR>[Stack]<UL><LI>Max Depth = 16<LI>Call Chain = HAL_UART_TxCpltCallback
</UL>
<BR>[Called By]<UL><LI><a href="#[6d]">&gt;&gt;</a>&nbsp;&nbsp;&nbsp;UART_EndTransmit_IT
</UL>

<P><STRONG><a name="[2]"></a>HardFault_Handler</STRONG> (Thumb, 4 bytes, Stack size 0 bytes, stm32l0xx_it.o(.text.HardFault_Handler))
<BR>[Address Reference Count : 1]<UL><LI> startup_stm32l053xx.o(RESET)
</UL>
<P><STRONG><a name="[51]"></a>MX_GPIO_Init</STRONG> (Thumb, 168 bytes, Stack size 64 bytes, gpio.o(.text.MX_GPIO_Init))
<BR><BR>[Stack]<UL><LI>Max Depth = 108<LI>Call Chain = MX_GPIO_Init &rArr; HAL_GPIO_Init
</UL>
<BR>[Calls]<UL><LI><a href="#[79]">&gt;&gt;</a>&nbsp;&nbsp;&nbsp;HAL_GPIO_WritePin
<LI><a href="#[73]">&gt;&gt;</a>&nbsp;&nbsp;&nbsp;HAL_GPIO_Init
</UL>
<BR>[Called By]<UL><LI><a href="#[50]">&gt;&gt;</a>&nbsp;&nbsp;&nbsp;BSP_init
</UL>

<P><STRONG><a name="[7a]"></a>MX_USART1_UART_Init</STRONG> (Thumb, 60 bytes, Stack size 8 bytes, usart.o(.text.MX_USART1_UART_Init))
<BR><BR>[Stack]<UL><LI>Max Depth = 208<LI>Call Chain = MX_USART1_UART_Init &rArr; HAL_UART_Init &rArr; UART_SetConfig &rArr; HAL_RCC_GetSysClockFreq &rArr; __aeabi_lmul &rArr; __aeabi_llsl
</UL>
<BR>[Calls]<UL><LI><a href="#[7b]">&gt;&gt;</a>&nbsp;&nbsp;&nbsp;Error_Handler
<LI><a href="#[6e]">&gt;&gt;</a>&nbsp;&nbsp;&nbsp;HAL_UART_Init
</UL>
<BR>[Called By]<UL><LI><a href="#[21]">&gt;&gt;</a>&nbsp;&nbsp;&nbsp;main
</UL>

<P><STRONG><a name="[52]"></a>MX_USART2_UART_Init</STRONG> (Thumb, 60 bytes, Stack size 8 bytes, usart.o(.text.MX_USART2_UART_Init))
<BR><BR>[Stack]<UL><LI>Max Depth = 208<LI>Call Chain = MX_USART2_UART_Init &rArr; HAL_UART_Init &rArr; UART_SetConfig &rArr; HAL_RCC_GetSysClockFreq &rArr; __aeabi_lmul &rArr; __aeabi_llsl
</UL>
<BR>[Calls]<UL><LI><a href="#[7b]">&gt;&gt;</a>&nbsp;&nbsp;&nbsp;Error_Handler
<LI><a href="#[6e]">&gt;&gt;</a>&nbsp;&nbsp;&nbsp;HAL_UART_Init
</UL>
<BR>[Called By]<UL><LI><a href="#[50]">&gt;&gt;</a>&nbsp;&nbsp;&nbsp;BSP_init
</UL>

<P><STRONG><a name="[1]"></a>NMI_Handler</STRONG> (Thumb, 4 bytes, Stack size 0 bytes, stm32l0xx_it.o(.text.NMI_Handler))
<BR>[Address Reference Count : 1]<UL><LI> startup_stm32l053xx.o(RESET)
</UL>
<P><STRONG><a name="[4]"></a>PendSV_Handler</STRONG> (Thumb, 2 bytes, Stack size 0 bytes, stm32l0xx_it.o(.text.PendSV_Handler))
<BR>[Address Reference Count : 1]<UL><LI> startup_stm32l053xx.o(RESET)
</UL>
<P><STRONG><a name="[7c]"></a>QActive_ctor</STRONG> (Thumb, 40 bytes, Stack size 16 bytes, qf_qact.o(.text.QActive_ctor))
<BR><BR>[Stack]<UL><LI>Max Depth = 32<LI>Call Chain = QActive_ctor &rArr; QF_bzero
</UL>
<BR>[Calls]<UL><LI><a href="#[7e]">&gt;&gt;</a>&nbsp;&nbsp;&nbsp;QHsm_ctor
<LI><a href="#[7d]">&gt;&gt;</a>&nbsp;&nbsp;&nbsp;QF_bzero
</UL>
<BR>[Called By]<UL><LI><a href="#[c5]">&gt;&gt;</a>&nbsp;&nbsp;&nbsp;UartMstr_ctor
</UL>

<P><STRONG><a name="[7f]"></a>QActive_get_</STRONG> (Thumb, 340 bytes, Stack size 32 bytes, qf_actq.o(.text.QActive_get_))
<BR><BR>[Stack]<UL><LI>Max Depth = 236<LI>Call Chain = QActive_get_ &rArr; Q_onAssert &rArr; QS_ASSERTION &rArr; QS_onFlush &rArr; HAL_UART_Transmit &rArr; UART_WaitOnFlagUntilTimeout &rArr; UART_EndRxTransfer
</UL>
<BR>[Calls]<UL><LI><a href="#[80]">&gt;&gt;</a>&nbsp;&nbsp;&nbsp;Q_onAssert
<LI><a href="#[44]">&gt;&gt;</a>&nbsp;&nbsp;&nbsp;QS_u32_raw_
<LI><a href="#[43]">&gt;&gt;</a>&nbsp;&nbsp;&nbsp;QS_onGetTime
<LI><a href="#[46]">&gt;&gt;</a>&nbsp;&nbsp;&nbsp;QS_endRec_
<LI><a href="#[42]">&gt;&gt;</a>&nbsp;&nbsp;&nbsp;QS_beginRec_
<LI><a href="#[81]">&gt;&gt;</a>&nbsp;&nbsp;&nbsp;QS_u16_raw_
<LI><a href="#[82]">&gt;&gt;</a>&nbsp;&nbsp;&nbsp;QS_obj_raw_
<LI><a href="#[84]">&gt;&gt;</a>&nbsp;&nbsp;&nbsp;QS_u8_raw_
<LI><a href="#[83]">&gt;&gt;</a>&nbsp;&nbsp;&nbsp;QS_2u8_raw_
</UL>
<BR>[Called By]<UL><LI><a href="#[9b]">&gt;&gt;</a>&nbsp;&nbsp;&nbsp;QF_run
</UL>

<P><STRONG><a name="[36]"></a>QActive_postLIFO_</STRONG> (Thumb, 292 bytes, Stack size 32 bytes, qf_actq.o(.text.QActive_postLIFO_))
<BR><BR>[Stack]<UL><LI>Max Depth = 236<LI>Call Chain = QActive_postLIFO_ &rArr; Q_onAssert &rArr; QS_ASSERTION &rArr; QS_onFlush &rArr; HAL_UART_Transmit &rArr; UART_WaitOnFlagUntilTimeout &rArr; UART_EndRxTransfer
</UL>
<BR>[Calls]<UL><LI><a href="#[80]">&gt;&gt;</a>&nbsp;&nbsp;&nbsp;Q_onAssert
<LI><a href="#[44]">&gt;&gt;</a>&nbsp;&nbsp;&nbsp;QS_u32_raw_
<LI><a href="#[43]">&gt;&gt;</a>&nbsp;&nbsp;&nbsp;QS_onGetTime
<LI><a href="#[46]">&gt;&gt;</a>&nbsp;&nbsp;&nbsp;QS_endRec_
<LI><a href="#[42]">&gt;&gt;</a>&nbsp;&nbsp;&nbsp;QS_beginRec_
<LI><a href="#[81]">&gt;&gt;</a>&nbsp;&nbsp;&nbsp;QS_u16_raw_
<LI><a href="#[82]">&gt;&gt;</a>&nbsp;&nbsp;&nbsp;QS_obj_raw_
<LI><a href="#[84]">&gt;&gt;</a>&nbsp;&nbsp;&nbsp;QS_u8_raw_
<LI><a href="#[83]">&gt;&gt;</a>&nbsp;&nbsp;&nbsp;QS_2u8_raw_
<LI><a href="#[86]">&gt;&gt;</a>&nbsp;&nbsp;&nbsp;QPSet_insert
<LI><a href="#[85]">&gt;&gt;</a>&nbsp;&nbsp;&nbsp;QEvt_refCtr_inc_
</UL>
<BR>[Address Reference Count : 1]<UL><LI> qf_qact.o(.rodata.QActive_ctor.vtable)
</UL>
<P><STRONG><a name="[35]"></a>QActive_post_</STRONG> (Thumb, 512 bytes, Stack size 40 bytes, qf_actq.o(.text.QActive_post_))
<BR><BR>[Stack]<UL><LI>Max Depth = 292<LI>Call Chain = QActive_post_ &rArr; QF_gc &rArr; QMPool_put &rArr; Q_onAssert &rArr; QS_ASSERTION &rArr; QS_onFlush &rArr; HAL_UART_Transmit &rArr; UART_WaitOnFlagUntilTimeout &rArr; UART_EndRxTransfer
</UL>
<BR>[Calls]<UL><LI><a href="#[80]">&gt;&gt;</a>&nbsp;&nbsp;&nbsp;Q_onAssert
<LI><a href="#[44]">&gt;&gt;</a>&nbsp;&nbsp;&nbsp;QS_u32_raw_
<LI><a href="#[43]">&gt;&gt;</a>&nbsp;&nbsp;&nbsp;QS_onGetTime
<LI><a href="#[46]">&gt;&gt;</a>&nbsp;&nbsp;&nbsp;QS_endRec_
<LI><a href="#[42]">&gt;&gt;</a>&nbsp;&nbsp;&nbsp;QS_beginRec_
<LI><a href="#[81]">&gt;&gt;</a>&nbsp;&nbsp;&nbsp;QS_u16_raw_
<LI><a href="#[82]">&gt;&gt;</a>&nbsp;&nbsp;&nbsp;QS_obj_raw_
<LI><a href="#[84]">&gt;&gt;</a>&nbsp;&nbsp;&nbsp;QS_u8_raw_
<LI><a href="#[83]">&gt;&gt;</a>&nbsp;&nbsp;&nbsp;QS_2u8_raw_
<LI><a href="#[87]">&gt;&gt;</a>&nbsp;&nbsp;&nbsp;QF_gc
<LI><a href="#[86]">&gt;&gt;</a>&nbsp;&nbsp;&nbsp;QPSet_insert
<LI><a href="#[85]">&gt;&gt;</a>&nbsp;&nbsp;&nbsp;QEvt_refCtr_inc_
</UL>
<BR>[Address Reference Count : 1]<UL><LI> qf_qact.o(.rodata.QActive_ctor.vtable)
</UL>
<P><STRONG><a name="[88]"></a>QActive_publish_</STRONG> (Thumb, 324 bytes, Stack size 48 bytes, qf_ps.o(.text.QActive_publish_))
<BR><BR>[Stack]<UL><LI>Max Depth = 300<LI>Call Chain = QActive_publish_ &rArr; QF_gc &rArr; QMPool_put &rArr; Q_onAssert &rArr; QS_ASSERTION &rArr; QS_onFlush &rArr; HAL_UART_Transmit &rArr; UART_WaitOnFlagUntilTimeout &rArr; UART_EndRxTransfer
</UL>
<BR>[Calls]<UL><LI><a href="#[80]">&gt;&gt;</a>&nbsp;&nbsp;&nbsp;Q_onAssert
<LI><a href="#[44]">&gt;&gt;</a>&nbsp;&nbsp;&nbsp;QS_u32_raw_
<LI><a href="#[43]">&gt;&gt;</a>&nbsp;&nbsp;&nbsp;QS_onGetTime
<LI><a href="#[46]">&gt;&gt;</a>&nbsp;&nbsp;&nbsp;QS_endRec_
<LI><a href="#[42]">&gt;&gt;</a>&nbsp;&nbsp;&nbsp;QS_beginRec_
<LI><a href="#[81]">&gt;&gt;</a>&nbsp;&nbsp;&nbsp;QS_u16_raw_
<LI><a href="#[82]">&gt;&gt;</a>&nbsp;&nbsp;&nbsp;QS_obj_raw_
<LI><a href="#[8c]">&gt;&gt;</a>&nbsp;&nbsp;&nbsp;QPSet_remove
<LI><a href="#[8a]">&gt;&gt;</a>&nbsp;&nbsp;&nbsp;QPSet_notEmpty
<LI><a href="#[8b]">&gt;&gt;</a>&nbsp;&nbsp;&nbsp;QPSet_findMax
<LI><a href="#[89]">&gt;&gt;</a>&nbsp;&nbsp;&nbsp;QEvt_refCtr_inc_
<LI><a href="#[83]">&gt;&gt;</a>&nbsp;&nbsp;&nbsp;QS_2u8_raw_
<LI><a href="#[87]">&gt;&gt;</a>&nbsp;&nbsp;&nbsp;QF_gc
</UL>
<BR>[Called By]<UL><LI><a href="#[b3]">&gt;&gt;</a>&nbsp;&nbsp;&nbsp;QS_rxHandleGoodFrame_
</UL>

<P><STRONG><a name="[8d]"></a>QActive_register_</STRONG> (Thumb, 276 bytes, Stack size 24 bytes, qf_qact.o(.text.QActive_register_))
<BR><BR>[Stack]<UL><LI>Max Depth = 228<LI>Call Chain = QActive_register_ &rArr; Q_onAssert &rArr; QS_ASSERTION &rArr; QS_onFlush &rArr; HAL_UART_Transmit &rArr; UART_WaitOnFlagUntilTimeout &rArr; UART_EndRxTransfer
</UL>
<BR>[Calls]<UL><LI><a href="#[80]">&gt;&gt;</a>&nbsp;&nbsp;&nbsp;Q_onAssert
</UL>
<BR>[Called By]<UL><LI><a href="#[34]">&gt;&gt;</a>&nbsp;&nbsp;&nbsp;QActive_start_
</UL>

<P><STRONG><a name="[34]"></a>QActive_start_</STRONG> (Thumb, 80 bytes, Stack size 16 bytes, qv.o(.text.QActive_start_))
<BR><BR>[Stack]<UL><LI>Max Depth = 244<LI>Call Chain = QActive_start_ &rArr; QActive_register_ &rArr; Q_onAssert &rArr; QS_ASSERTION &rArr; QS_onFlush &rArr; HAL_UART_Transmit &rArr; UART_WaitOnFlagUntilTimeout &rArr; UART_EndRxTransfer
</UL>
<BR>[Calls]<UL><LI><a href="#[80]">&gt;&gt;</a>&nbsp;&nbsp;&nbsp;Q_onAssert
<LI><a href="#[8f]">&gt;&gt;</a>&nbsp;&nbsp;&nbsp;QS_onFlush
<LI><a href="#[8e]">&gt;&gt;</a>&nbsp;&nbsp;&nbsp;QEQueue_init
<LI><a href="#[8d]">&gt;&gt;</a>&nbsp;&nbsp;&nbsp;QActive_register_
</UL>
<BR>[Address Reference Count : 1]<UL><LI> qf_qact.o(.rodata.QActive_ctor.vtable)
</UL>
<P><STRONG><a name="[8e]"></a>QEQueue_init</STRONG> (Thumb, 66 bytes, Stack size 12 bytes, qf_qeq.o(.text.QEQueue_init))
<BR><BR>[Stack]<UL><LI>Max Depth = 12<LI>Call Chain = QEQueue_init
</UL>
<BR>[Called By]<UL><LI><a href="#[34]">&gt;&gt;</a>&nbsp;&nbsp;&nbsp;QActive_start_
</UL>

<P><STRONG><a name="[7d]"></a>QF_bzero</STRONG> (Thumb, 50 bytes, Stack size 16 bytes, qf_qact.o(.text.QF_bzero))
<BR><BR>[Stack]<UL><LI>Max Depth = 16<LI>Call Chain = QF_bzero
</UL>
<BR>[Called By]<UL><LI><a href="#[92]">&gt;&gt;</a>&nbsp;&nbsp;&nbsp;QF_init
<LI><a href="#[7c]">&gt;&gt;</a>&nbsp;&nbsp;&nbsp;QActive_ctor
</UL>

<P><STRONG><a name="[87]"></a>QF_gc</STRONG> (Thumb, 268 bytes, Stack size 24 bytes, qf_dyn.o(.text.QF_gc))
<BR><BR>[Stack]<UL><LI>Max Depth = 252<LI>Call Chain = QF_gc &rArr; QMPool_put &rArr; Q_onAssert &rArr; QS_ASSERTION &rArr; QS_onFlush &rArr; HAL_UART_Transmit &rArr; UART_WaitOnFlagUntilTimeout &rArr; UART_EndRxTransfer
</UL>
<BR>[Calls]<UL><LI><a href="#[80]">&gt;&gt;</a>&nbsp;&nbsp;&nbsp;Q_onAssert
<LI><a href="#[44]">&gt;&gt;</a>&nbsp;&nbsp;&nbsp;QS_u32_raw_
<LI><a href="#[43]">&gt;&gt;</a>&nbsp;&nbsp;&nbsp;QS_onGetTime
<LI><a href="#[46]">&gt;&gt;</a>&nbsp;&nbsp;&nbsp;QS_endRec_
<LI><a href="#[42]">&gt;&gt;</a>&nbsp;&nbsp;&nbsp;QS_beginRec_
<LI><a href="#[81]">&gt;&gt;</a>&nbsp;&nbsp;&nbsp;QS_u16_raw_
<LI><a href="#[91]">&gt;&gt;</a>&nbsp;&nbsp;&nbsp;QMPool_put
<LI><a href="#[90]">&gt;&gt;</a>&nbsp;&nbsp;&nbsp;QEvt_refCtr_dec_
<LI><a href="#[83]">&gt;&gt;</a>&nbsp;&nbsp;&nbsp;QS_2u8_raw_
</UL>
<BR>[Called By]<UL><LI><a href="#[9b]">&gt;&gt;</a>&nbsp;&nbsp;&nbsp;QF_run
<LI><a href="#[88]">&gt;&gt;</a>&nbsp;&nbsp;&nbsp;QActive_publish_
<LI><a href="#[35]">&gt;&gt;</a>&nbsp;&nbsp;&nbsp;QActive_post_
<LI><a href="#[b3]">&gt;&gt;</a>&nbsp;&nbsp;&nbsp;QS_rxHandleGoodFrame_
<LI><a href="#[b2]">&gt;&gt;</a>&nbsp;&nbsp;&nbsp;QS_rxHandleBadFrame_
</UL>

<P><STRONG><a name="[92]"></a>QF_init</STRONG> (Thumb, 52 bytes, Stack size 8 bytes, qv.o(.text.QF_init))
<BR><BR>[Stack]<UL><LI>Max Depth = 24<LI>Call Chain = QF_init &rArr; QF_bzero
</UL>
<BR>[Calls]<UL><LI><a href="#[7d]">&gt;&gt;</a>&nbsp;&nbsp;&nbsp;QF_bzero
<LI><a href="#[93]">&gt;&gt;</a>&nbsp;&nbsp;&nbsp;QV_init
</UL>
<BR>[Called By]<UL><LI><a href="#[21]">&gt;&gt;</a>&nbsp;&nbsp;&nbsp;main
</UL>

<P><STRONG><a name="[4a]"></a>QF_newX_</STRONG> (Thumb, 372 bytes, Stack size 48 bytes, qf_dyn.o(.text.QF_newX_))
<BR><BR>[Stack]<UL><LI>Max Depth = 284<LI>Call Chain = QF_newX_ &rArr; QMPool_get &rArr; Q_onAssert &rArr; QS_ASSERTION &rArr; QS_onFlush &rArr; HAL_UART_Transmit &rArr; UART_WaitOnFlagUntilTimeout &rArr; UART_EndRxTransfer
</UL>
<BR>[Calls]<UL><LI><a href="#[80]">&gt;&gt;</a>&nbsp;&nbsp;&nbsp;Q_onAssert
<LI><a href="#[44]">&gt;&gt;</a>&nbsp;&nbsp;&nbsp;QS_u32_raw_
<LI><a href="#[43]">&gt;&gt;</a>&nbsp;&nbsp;&nbsp;QS_onGetTime
<LI><a href="#[46]">&gt;&gt;</a>&nbsp;&nbsp;&nbsp;QS_endRec_
<LI><a href="#[42]">&gt;&gt;</a>&nbsp;&nbsp;&nbsp;QS_beginRec_
<LI><a href="#[81]">&gt;&gt;</a>&nbsp;&nbsp;&nbsp;QS_u16_raw_
<LI><a href="#[94]">&gt;&gt;</a>&nbsp;&nbsp;&nbsp;QMPool_get
</UL>
<BR>[Called By]<UL><LI><a href="#[75]">&gt;&gt;</a>&nbsp;&nbsp;&nbsp;HAL_UART_RxCpltCallback
<LI><a href="#[47]">&gt;&gt;</a>&nbsp;&nbsp;&nbsp;BSP_SysTick_Handler
<LI><a href="#[b8]">&gt;&gt;</a>&nbsp;&nbsp;&nbsp;QS_rxParseData_
</UL>

<P><STRONG><a name="[95]"></a>QF_onStartup</STRONG> (Thumb, 42 bytes, Stack size 16 bytes, bsp.o(.text.QF_onStartup))
<BR><BR>[Stack]<UL><LI>Max Depth = 40<LI>Call Chain = QF_onStartup &rArr; __NVIC_SetPriority
</UL>
<BR>[Calls]<UL><LI><a href="#[96]">&gt;&gt;</a>&nbsp;&nbsp;&nbsp;__NVIC_SetPriority
<LI><a href="#[97]">&gt;&gt;</a>&nbsp;&nbsp;&nbsp;__NVIC_EnableIRQ
</UL>
<BR>[Called By]<UL><LI><a href="#[9b]">&gt;&gt;</a>&nbsp;&nbsp;&nbsp;QF_run
</UL>

<P><STRONG><a name="[ba]"></a>QF_poolGetMaxBlockSize</STRONG> (Thumb, 20 bytes, Stack size 0 bytes, qf_dyn.o(.text.QF_poolGetMaxBlockSize))
<BR><BR>[Called By]<UL><LI><a href="#[b8]">&gt;&gt;</a>&nbsp;&nbsp;&nbsp;QS_rxParseData_
</UL>

<P><STRONG><a name="[98]"></a>QF_poolInit</STRONG> (Thumb, 188 bytes, Stack size 56 bytes, qf_dyn.o(.text.QF_poolInit))
<BR><BR>[Stack]<UL><LI>Max Depth = 292<LI>Call Chain = QF_poolInit &rArr; QMPool_init &rArr; Q_onAssert &rArr; QS_ASSERTION &rArr; QS_onFlush &rArr; HAL_UART_Transmit &rArr; UART_WaitOnFlagUntilTimeout &rArr; UART_EndRxTransfer
</UL>
<BR>[Calls]<UL><LI><a href="#[9a]">&gt;&gt;</a>&nbsp;&nbsp;&nbsp;QS_obj_dict_pre_
<LI><a href="#[80]">&gt;&gt;</a>&nbsp;&nbsp;&nbsp;Q_onAssert
<LI><a href="#[99]">&gt;&gt;</a>&nbsp;&nbsp;&nbsp;QMPool_init
</UL>
<BR>[Called By]<UL><LI><a href="#[21]">&gt;&gt;</a>&nbsp;&nbsp;&nbsp;main
</UL>

<P><STRONG><a name="[a5]"></a>QF_qlog2</STRONG> (Thumb, 36 bytes, Stack size 0 bytes, qv_port.o(.text.QF_qlog2))
<BR><BR>[Called By]<UL><LI><a href="#[8b]">&gt;&gt;</a>&nbsp;&nbsp;&nbsp;QPSet_findMax
<LI><a href="#[9e]">&gt;&gt;</a>&nbsp;&nbsp;&nbsp;QPSet_findMax
</UL>

<P><STRONG><a name="[9b]"></a>QF_run</STRONG> (Thumb, 228 bytes, Stack size 8 bytes, qv.o(.text.QF_run))
<BR><BR>[Stack]<UL><LI>Max Depth = 444<LI>Call Chain = QF_run &rArr; QV_onIdle &rArr; QS_rxParse &rArr; QS_rxHandleGoodFrame_ &rArr; QActive_publish_ &rArr; QF_gc &rArr; QMPool_put &rArr; Q_onAssert &rArr; QS_ASSERTION &rArr; QS_onFlush &rArr; HAL_UART_Transmit &rArr; UART_WaitOnFlagUntilTimeout &rArr; UART_EndRxTransfer
</UL>
<BR>[Calls]<UL><LI><a href="#[9c]">&gt;&gt;</a>&nbsp;&nbsp;&nbsp;QV_onIdle
<LI><a href="#[44]">&gt;&gt;</a>&nbsp;&nbsp;&nbsp;QS_u32_raw_
<LI><a href="#[43]">&gt;&gt;</a>&nbsp;&nbsp;&nbsp;QS_onGetTime
<LI><a href="#[46]">&gt;&gt;</a>&nbsp;&nbsp;&nbsp;QS_endRec_
<LI><a href="#[42]">&gt;&gt;</a>&nbsp;&nbsp;&nbsp;QS_beginRec_
<LI><a href="#[95]">&gt;&gt;</a>&nbsp;&nbsp;&nbsp;QF_onStartup
<LI><a href="#[84]">&gt;&gt;</a>&nbsp;&nbsp;&nbsp;QS_u8_raw_
<LI><a href="#[83]">&gt;&gt;</a>&nbsp;&nbsp;&nbsp;QS_2u8_raw_
<LI><a href="#[87]">&gt;&gt;</a>&nbsp;&nbsp;&nbsp;QF_gc
<LI><a href="#[7f]">&gt;&gt;</a>&nbsp;&nbsp;&nbsp;QActive_get_
<LI><a href="#[9f]">&gt;&gt;</a>&nbsp;&nbsp;&nbsp;QPSet_remove
<LI><a href="#[9d]">&gt;&gt;</a>&nbsp;&nbsp;&nbsp;QPSet_notEmpty
<LI><a href="#[9e]">&gt;&gt;</a>&nbsp;&nbsp;&nbsp;QPSet_findMax
</UL>
<BR>[Called By]<UL><LI><a href="#[21]">&gt;&gt;</a>&nbsp;&nbsp;&nbsp;main
</UL>

<P><STRONG><a name="[7e]"></a>QHsm_ctor</STRONG> (Thumb, 36 bytes, Stack size 8 bytes, qep_hsm.o(.text.QHsm_ctor))
<BR><BR>[Stack]<UL><LI>Max Depth = 8<LI>Call Chain = QHsm_ctor
</UL>
<BR>[Called By]<UL><LI><a href="#[7c]">&gt;&gt;</a>&nbsp;&nbsp;&nbsp;QActive_ctor
</UL>

<P><STRONG><a name="[32]"></a>QHsm_dispatch_</STRONG> (Thumb, 996 bytes, Stack size 72 bytes, qep_hsm.o(.text.QHsm_dispatch_))
<BR><BR>[Stack]<UL><LI>Max Depth = 324<LI>Call Chain = QHsm_dispatch_ &rArr; QHsm_tran_ &rArr; Q_onAssert &rArr; QS_ASSERTION &rArr; QS_onFlush &rArr; HAL_UART_Transmit &rArr; UART_WaitOnFlagUntilTimeout &rArr; UART_EndRxTransfer
</UL>
<BR>[Calls]<UL><LI><a href="#[80]">&gt;&gt;</a>&nbsp;&nbsp;&nbsp;Q_onAssert
<LI><a href="#[44]">&gt;&gt;</a>&nbsp;&nbsp;&nbsp;QS_u32_raw_
<LI><a href="#[43]">&gt;&gt;</a>&nbsp;&nbsp;&nbsp;QS_onGetTime
<LI><a href="#[46]">&gt;&gt;</a>&nbsp;&nbsp;&nbsp;QS_endRec_
<LI><a href="#[42]">&gt;&gt;</a>&nbsp;&nbsp;&nbsp;QS_beginRec_
<LI><a href="#[81]">&gt;&gt;</a>&nbsp;&nbsp;&nbsp;QS_u16_raw_
<LI><a href="#[82]">&gt;&gt;</a>&nbsp;&nbsp;&nbsp;QS_obj_raw_
<LI><a href="#[a2]">&gt;&gt;</a>&nbsp;&nbsp;&nbsp;QHsm_tran_
<LI><a href="#[a1]">&gt;&gt;</a>&nbsp;&nbsp;&nbsp;QHsm_state_exit_
<LI><a href="#[a3]">&gt;&gt;</a>&nbsp;&nbsp;&nbsp;QHsm_state_entry_
<LI><a href="#[a0]">&gt;&gt;</a>&nbsp;&nbsp;&nbsp;QHsm_reservedEvt_
</UL>
<BR>[Address Reference Count : 2]<UL><LI> qf_qact.o(.rodata.QActive_ctor.vtable)
<LI> qep_hsm.o(.rodata.QHsm_ctor.vtable)
</UL>
<P><STRONG><a name="[33]"></a>QHsm_getStateHandler_</STRONG> (Thumb, 12 bytes, Stack size 4 bytes, qep_hsm.o(.text.QHsm_getStateHandler_))
<BR><BR>[Stack]<UL><LI>Max Depth = 4<LI>Call Chain = QHsm_getStateHandler_
</UL>
<BR>[Address Reference Count : 2]<UL><LI> qf_qact.o(.rodata.QActive_ctor.vtable)
<LI> qep_hsm.o(.rodata.QHsm_ctor.vtable)
</UL>
<P><STRONG><a name="[31]"></a>QHsm_init_</STRONG> (Thumb, 544 bytes, Stack size 64 bytes, qep_hsm.o(.text.QHsm_init_))
<BR><BR>[Stack]<UL><LI>Max Depth = 268<LI>Call Chain = QHsm_init_ &rArr; Q_onAssert &rArr; QS_ASSERTION &rArr; QS_onFlush &rArr; HAL_UART_Transmit &rArr; UART_WaitOnFlagUntilTimeout &rArr; UART_EndRxTransfer
</UL>
<BR>[Calls]<UL><LI><a href="#[a4]">&gt;&gt;</a>&nbsp;&nbsp;&nbsp;QS_fun_dict_pre_
<LI><a href="#[80]">&gt;&gt;</a>&nbsp;&nbsp;&nbsp;Q_onAssert
<LI><a href="#[44]">&gt;&gt;</a>&nbsp;&nbsp;&nbsp;QS_u32_raw_
<LI><a href="#[43]">&gt;&gt;</a>&nbsp;&nbsp;&nbsp;QS_onGetTime
<LI><a href="#[46]">&gt;&gt;</a>&nbsp;&nbsp;&nbsp;QS_endRec_
<LI><a href="#[42]">&gt;&gt;</a>&nbsp;&nbsp;&nbsp;QS_beginRec_
<LI><a href="#[82]">&gt;&gt;</a>&nbsp;&nbsp;&nbsp;QS_obj_raw_
<LI><a href="#[a3]">&gt;&gt;</a>&nbsp;&nbsp;&nbsp;QHsm_state_entry_
<LI><a href="#[a0]">&gt;&gt;</a>&nbsp;&nbsp;&nbsp;QHsm_reservedEvt_
</UL>
<BR>[Address Reference Count : 2]<UL><LI> qf_qact.o(.rodata.QActive_ctor.vtable)
<LI> qep_hsm.o(.rodata.QHsm_ctor.vtable)
</UL>
<P><STRONG><a name="[a3]"></a>QHsm_state_entry_</STRONG> (Thumb, 108 bytes, Stack size 24 bytes, qep_hsm.o(.text.QHsm_state_entry_))
<BR><BR>[Stack]<UL><LI>Max Depth = 68<LI>Call Chain = QHsm_state_entry_ &rArr; QS_obj_raw_ &rArr; QS_u32_raw_
</UL>
<BR>[Calls]<UL><LI><a href="#[44]">&gt;&gt;</a>&nbsp;&nbsp;&nbsp;QS_u32_raw_
<LI><a href="#[46]">&gt;&gt;</a>&nbsp;&nbsp;&nbsp;QS_endRec_
<LI><a href="#[42]">&gt;&gt;</a>&nbsp;&nbsp;&nbsp;QS_beginRec_
<LI><a href="#[82]">&gt;&gt;</a>&nbsp;&nbsp;&nbsp;QS_obj_raw_
</UL>
<BR>[Called By]<UL><LI><a href="#[31]">&gt;&gt;</a>&nbsp;&nbsp;&nbsp;QHsm_init_
<LI><a href="#[32]">&gt;&gt;</a>&nbsp;&nbsp;&nbsp;QHsm_dispatch_
</UL>

<P><STRONG><a name="[a1]"></a>QHsm_state_exit_</STRONG> (Thumb, 136 bytes, Stack size 32 bytes, qep_hsm.o(.text.QHsm_state_exit_))
<BR><BR>[Stack]<UL><LI>Max Depth = 76<LI>Call Chain = QHsm_state_exit_ &rArr; QS_obj_raw_ &rArr; QS_u32_raw_
</UL>
<BR>[Calls]<UL><LI><a href="#[44]">&gt;&gt;</a>&nbsp;&nbsp;&nbsp;QS_u32_raw_
<LI><a href="#[46]">&gt;&gt;</a>&nbsp;&nbsp;&nbsp;QS_endRec_
<LI><a href="#[42]">&gt;&gt;</a>&nbsp;&nbsp;&nbsp;QS_beginRec_
<LI><a href="#[82]">&gt;&gt;</a>&nbsp;&nbsp;&nbsp;QS_obj_raw_
</UL>
<BR>[Called By]<UL><LI><a href="#[a2]">&gt;&gt;</a>&nbsp;&nbsp;&nbsp;QHsm_tran_
<LI><a href="#[32]">&gt;&gt;</a>&nbsp;&nbsp;&nbsp;QHsm_dispatch_
</UL>

<P><STRONG><a name="[27]"></a>QHsm_top</STRONG> (Thumb, 12 bytes, Stack size 8 bytes, qep_hsm.o(.text.QHsm_top))
<BR><BR>[Stack]<UL><LI>Max Depth = 8<LI>Call Chain = QHsm_top
</UL>
<BR>[Address Reference Count : 3]<UL><LI> uartmstr.o(.text.UartMstr_Idle)
<LI> qep_hsm.o(.text.QHsm_ctor)
<LI> qep_hsm.o(.text.QHsm_init_)
</UL>
<P><STRONG><a name="[a2]"></a>QHsm_tran_</STRONG> (Thumb, 540 bytes, Stack size 48 bytes, qep_hsm.o(.text.QHsm_tran_))
<BR><BR>[Stack]<UL><LI>Max Depth = 252<LI>Call Chain = QHsm_tran_ &rArr; Q_onAssert &rArr; QS_ASSERTION &rArr; QS_onFlush &rArr; HAL_UART_Transmit &rArr; UART_WaitOnFlagUntilTimeout &rArr; UART_EndRxTransfer
</UL>
<BR>[Calls]<UL><LI><a href="#[80]">&gt;&gt;</a>&nbsp;&nbsp;&nbsp;Q_onAssert
<LI><a href="#[a1]">&gt;&gt;</a>&nbsp;&nbsp;&nbsp;QHsm_state_exit_
<LI><a href="#[a0]">&gt;&gt;</a>&nbsp;&nbsp;&nbsp;QHsm_reservedEvt_
</UL>
<BR>[Called By]<UL><LI><a href="#[32]">&gt;&gt;</a>&nbsp;&nbsp;&nbsp;QHsm_dispatch_
</UL>

<P><STRONG><a name="[94]"></a>QMPool_get</STRONG> (Thumb, 364 bytes, Stack size 32 bytes, qf_mem.o(.text.QMPool_get))
<BR><BR>[Stack]<UL><LI>Max Depth = 236<LI>Call Chain = QMPool_get &rArr; Q_onAssert &rArr; QS_ASSERTION &rArr; QS_onFlush &rArr; HAL_UART_Transmit &rArr; UART_WaitOnFlagUntilTimeout &rArr; UART_EndRxTransfer
</UL>
<BR>[Calls]<UL><LI><a href="#[80]">&gt;&gt;</a>&nbsp;&nbsp;&nbsp;Q_onAssert
<LI><a href="#[44]">&gt;&gt;</a>&nbsp;&nbsp;&nbsp;QS_u32_raw_
<LI><a href="#[43]">&gt;&gt;</a>&nbsp;&nbsp;&nbsp;QS_onGetTime
<LI><a href="#[46]">&gt;&gt;</a>&nbsp;&nbsp;&nbsp;QS_endRec_
<LI><a href="#[42]">&gt;&gt;</a>&nbsp;&nbsp;&nbsp;QS_beginRec_
<LI><a href="#[81]">&gt;&gt;</a>&nbsp;&nbsp;&nbsp;QS_u16_raw_
<LI><a href="#[82]">&gt;&gt;</a>&nbsp;&nbsp;&nbsp;QS_obj_raw_
</UL>
<BR>[Called By]<UL><LI><a href="#[4a]">&gt;&gt;</a>&nbsp;&nbsp;&nbsp;QF_newX_
</UL>

<P><STRONG><a name="[99]"></a>QMPool_init</STRONG> (Thumb, 224 bytes, Stack size 32 bytes, qf_mem.o(.text.QMPool_init))
<BR><BR>[Stack]<UL><LI>Max Depth = 236<LI>Call Chain = QMPool_init &rArr; Q_onAssert &rArr; QS_ASSERTION &rArr; QS_onFlush &rArr; HAL_UART_Transmit &rArr; UART_WaitOnFlagUntilTimeout &rArr; UART_EndRxTransfer
</UL>
<BR>[Calls]<UL><LI><a href="#[80]">&gt;&gt;</a>&nbsp;&nbsp;&nbsp;Q_onAssert
</UL>
<BR>[Called By]<UL><LI><a href="#[98]">&gt;&gt;</a>&nbsp;&nbsp;&nbsp;QF_poolInit
</UL>

<P><STRONG><a name="[91]"></a>QMPool_put</STRONG> (Thumb, 168 bytes, Stack size 24 bytes, qf_mem.o(.text.QMPool_put))
<BR><BR>[Stack]<UL><LI>Max Depth = 228<LI>Call Chain = QMPool_put &rArr; Q_onAssert &rArr; QS_ASSERTION &rArr; QS_onFlush &rArr; HAL_UART_Transmit &rArr; UART_WaitOnFlagUntilTimeout &rArr; UART_EndRxTransfer
</UL>
<BR>[Calls]<UL><LI><a href="#[80]">&gt;&gt;</a>&nbsp;&nbsp;&nbsp;Q_onAssert
<LI><a href="#[44]">&gt;&gt;</a>&nbsp;&nbsp;&nbsp;QS_u32_raw_
<LI><a href="#[43]">&gt;&gt;</a>&nbsp;&nbsp;&nbsp;QS_onGetTime
<LI><a href="#[46]">&gt;&gt;</a>&nbsp;&nbsp;&nbsp;QS_endRec_
<LI><a href="#[42]">&gt;&gt;</a>&nbsp;&nbsp;&nbsp;QS_beginRec_
<LI><a href="#[81]">&gt;&gt;</a>&nbsp;&nbsp;&nbsp;QS_u16_raw_
<LI><a href="#[82]">&gt;&gt;</a>&nbsp;&nbsp;&nbsp;QS_obj_raw_
</UL>
<BR>[Called By]<UL><LI><a href="#[87]">&gt;&gt;</a>&nbsp;&nbsp;&nbsp;QF_gc
</UL>

<P><STRONG><a name="[83]"></a>QS_2u8_raw_</STRONG> (Thumb, 332 bytes, Stack size 40 bytes, qs.o(.text.QS_2u8_raw_))
<BR><BR>[Stack]<UL><LI>Max Depth = 40<LI>Call Chain = QS_2u8_raw_
</UL>
<BR>[Called By]<UL><LI><a href="#[9b]">&gt;&gt;</a>&nbsp;&nbsp;&nbsp;QF_run
<LI><a href="#[88]">&gt;&gt;</a>&nbsp;&nbsp;&nbsp;QActive_publish_
<LI><a href="#[87]">&gt;&gt;</a>&nbsp;&nbsp;&nbsp;QF_gc
<LI><a href="#[35]">&gt;&gt;</a>&nbsp;&nbsp;&nbsp;QActive_post_
<LI><a href="#[36]">&gt;&gt;</a>&nbsp;&nbsp;&nbsp;QActive_postLIFO_
<LI><a href="#[7f]">&gt;&gt;</a>&nbsp;&nbsp;&nbsp;QActive_get_
</UL>

<P><STRONG><a name="[a6]"></a>QS_ASSERTION</STRONG> (Thumb, 128 bytes, Stack size 32 bytes, qs.o(.text.QS_ASSERTION))
<BR><BR>[Stack]<UL><LI>Max Depth = 196<LI>Call Chain = QS_ASSERTION &rArr; QS_onFlush &rArr; HAL_UART_Transmit &rArr; UART_WaitOnFlagUntilTimeout &rArr; UART_EndRxTransfer
</UL>
<BR>[Calls]<UL><LI><a href="#[44]">&gt;&gt;</a>&nbsp;&nbsp;&nbsp;QS_u32_raw_
<LI><a href="#[43]">&gt;&gt;</a>&nbsp;&nbsp;&nbsp;QS_onGetTime
<LI><a href="#[8f]">&gt;&gt;</a>&nbsp;&nbsp;&nbsp;QS_onFlush
<LI><a href="#[a8]">&gt;&gt;</a>&nbsp;&nbsp;&nbsp;QS_onCleanup
<LI><a href="#[46]">&gt;&gt;</a>&nbsp;&nbsp;&nbsp;QS_endRec_
<LI><a href="#[42]">&gt;&gt;</a>&nbsp;&nbsp;&nbsp;QS_beginRec_
<LI><a href="#[81]">&gt;&gt;</a>&nbsp;&nbsp;&nbsp;QS_u16_raw_
<LI><a href="#[a7]">&gt;&gt;</a>&nbsp;&nbsp;&nbsp;QS_str_raw_
</UL>
<BR>[Called By]<UL><LI><a href="#[80]">&gt;&gt;</a>&nbsp;&nbsp;&nbsp;Q_onAssert
</UL>

<P><STRONG><a name="[76]"></a>QS_RX_PUT</STRONG> (Thumb, 88 bytes, Stack size 12 bytes, qs_rx.o(.text.QS_RX_PUT))
<BR><BR>[Stack]<UL><LI>Max Depth = 12<LI>Call Chain = QS_RX_PUT
</UL>
<BR>[Called By]<UL><LI><a href="#[75]">&gt;&gt;</a>&nbsp;&nbsp;&nbsp;HAL_UART_RxCpltCallback
</UL>

<P><STRONG><a name="[42]"></a>QS_beginRec_</STRONG> (Thumb, 240 bytes, Stack size 32 bytes, qs.o(.text.QS_beginRec_))
<BR><BR>[Stack]<UL><LI>Max Depth = 32<LI>Call Chain = QS_beginRec_
</UL>
<BR>[Called By]<UL><LI><a href="#[bb]">&gt;&gt;</a>&nbsp;&nbsp;&nbsp;QS_sig_dict_pre_
<LI><a href="#[9b]">&gt;&gt;</a>&nbsp;&nbsp;&nbsp;QF_run
<LI><a href="#[be]">&gt;&gt;</a>&nbsp;&nbsp;&nbsp;QTimeEvt_disarm
<LI><a href="#[bc]">&gt;&gt;</a>&nbsp;&nbsp;&nbsp;QTimeEvt_armX
<LI><a href="#[9a]">&gt;&gt;</a>&nbsp;&nbsp;&nbsp;QS_obj_dict_pre_
<LI><a href="#[a4]">&gt;&gt;</a>&nbsp;&nbsp;&nbsp;QS_fun_dict_pre_
<LI><a href="#[48]">&gt;&gt;</a>&nbsp;&nbsp;&nbsp;QTimeEvt_tick_
<LI><a href="#[af]">&gt;&gt;</a>&nbsp;&nbsp;&nbsp;QS_rxInitBuf
<LI><a href="#[a9]">&gt;&gt;</a>&nbsp;&nbsp;&nbsp;QS_initBuf
<LI><a href="#[a6]">&gt;&gt;</a>&nbsp;&nbsp;&nbsp;QS_ASSERTION
<LI><a href="#[4a]">&gt;&gt;</a>&nbsp;&nbsp;&nbsp;QF_newX_
<LI><a href="#[75]">&gt;&gt;</a>&nbsp;&nbsp;&nbsp;HAL_UART_RxCpltCallback
<LI><a href="#[4e]">&gt;&gt;</a>&nbsp;&nbsp;&nbsp;BSP_UART_Send
<LI><a href="#[4b]">&gt;&gt;</a>&nbsp;&nbsp;&nbsp;BSP_UART_Error_Handler
<LI><a href="#[41]">&gt;&gt;</a>&nbsp;&nbsp;&nbsp;BSP_ParseRsp
<LI><a href="#[a1]">&gt;&gt;</a>&nbsp;&nbsp;&nbsp;QHsm_state_exit_
<LI><a href="#[a3]">&gt;&gt;</a>&nbsp;&nbsp;&nbsp;QHsm_state_entry_
<LI><a href="#[31]">&gt;&gt;</a>&nbsp;&nbsp;&nbsp;QHsm_init_
<LI><a href="#[32]">&gt;&gt;</a>&nbsp;&nbsp;&nbsp;QHsm_dispatch_
<LI><a href="#[88]">&gt;&gt;</a>&nbsp;&nbsp;&nbsp;QActive_publish_
<LI><a href="#[91]">&gt;&gt;</a>&nbsp;&nbsp;&nbsp;QMPool_put
<LI><a href="#[94]">&gt;&gt;</a>&nbsp;&nbsp;&nbsp;QMPool_get
<LI><a href="#[87]">&gt;&gt;</a>&nbsp;&nbsp;&nbsp;QF_gc
<LI><a href="#[35]">&gt;&gt;</a>&nbsp;&nbsp;&nbsp;QActive_post_
<LI><a href="#[36]">&gt;&gt;</a>&nbsp;&nbsp;&nbsp;QActive_postLIFO_
<LI><a href="#[7f]">&gt;&gt;</a>&nbsp;&nbsp;&nbsp;QActive_get_
<LI><a href="#[b3]">&gt;&gt;</a>&nbsp;&nbsp;&nbsp;QS_rxHandleGoodFrame_
<LI><a href="#[b0]">&gt;&gt;</a>&nbsp;&nbsp;&nbsp;QS_queryCurrObj
<LI><a href="#[b1]">&gt;&gt;</a>&nbsp;&nbsp;&nbsp;QS_rxReportError_
<LI><a href="#[b6]">&gt;&gt;</a>&nbsp;&nbsp;&nbsp;QS_rxReportDone_
<LI><a href="#[b4]">&gt;&gt;</a>&nbsp;&nbsp;&nbsp;QS_rxReportAck_
<LI><a href="#[ab]">&gt;&gt;</a>&nbsp;&nbsp;&nbsp;QS_target_info_pre_
</UL>

<P><STRONG><a name="[46]"></a>QS_endRec_</STRONG> (Thumb, 228 bytes, Stack size 16 bytes, qs.o(.text.QS_endRec_))
<BR><BR>[Stack]<UL><LI>Max Depth = 16<LI>Call Chain = QS_endRec_
</UL>
<BR>[Called By]<UL><LI><a href="#[bb]">&gt;&gt;</a>&nbsp;&nbsp;&nbsp;QS_sig_dict_pre_
<LI><a href="#[9b]">&gt;&gt;</a>&nbsp;&nbsp;&nbsp;QF_run
<LI><a href="#[be]">&gt;&gt;</a>&nbsp;&nbsp;&nbsp;QTimeEvt_disarm
<LI><a href="#[bc]">&gt;&gt;</a>&nbsp;&nbsp;&nbsp;QTimeEvt_armX
<LI><a href="#[9a]">&gt;&gt;</a>&nbsp;&nbsp;&nbsp;QS_obj_dict_pre_
<LI><a href="#[a4]">&gt;&gt;</a>&nbsp;&nbsp;&nbsp;QS_fun_dict_pre_
<LI><a href="#[48]">&gt;&gt;</a>&nbsp;&nbsp;&nbsp;QTimeEvt_tick_
<LI><a href="#[af]">&gt;&gt;</a>&nbsp;&nbsp;&nbsp;QS_rxInitBuf
<LI><a href="#[a9]">&gt;&gt;</a>&nbsp;&nbsp;&nbsp;QS_initBuf
<LI><a href="#[a6]">&gt;&gt;</a>&nbsp;&nbsp;&nbsp;QS_ASSERTION
<LI><a href="#[4a]">&gt;&gt;</a>&nbsp;&nbsp;&nbsp;QF_newX_
<LI><a href="#[75]">&gt;&gt;</a>&nbsp;&nbsp;&nbsp;HAL_UART_RxCpltCallback
<LI><a href="#[4e]">&gt;&gt;</a>&nbsp;&nbsp;&nbsp;BSP_UART_Send
<LI><a href="#[4b]">&gt;&gt;</a>&nbsp;&nbsp;&nbsp;BSP_UART_Error_Handler
<LI><a href="#[41]">&gt;&gt;</a>&nbsp;&nbsp;&nbsp;BSP_ParseRsp
<LI><a href="#[a1]">&gt;&gt;</a>&nbsp;&nbsp;&nbsp;QHsm_state_exit_
<LI><a href="#[a3]">&gt;&gt;</a>&nbsp;&nbsp;&nbsp;QHsm_state_entry_
<LI><a href="#[31]">&gt;&gt;</a>&nbsp;&nbsp;&nbsp;QHsm_init_
<LI><a href="#[32]">&gt;&gt;</a>&nbsp;&nbsp;&nbsp;QHsm_dispatch_
<LI><a href="#[88]">&gt;&gt;</a>&nbsp;&nbsp;&nbsp;QActive_publish_
<LI><a href="#[91]">&gt;&gt;</a>&nbsp;&nbsp;&nbsp;QMPool_put
<LI><a href="#[94]">&gt;&gt;</a>&nbsp;&nbsp;&nbsp;QMPool_get
<LI><a href="#[87]">&gt;&gt;</a>&nbsp;&nbsp;&nbsp;QF_gc
<LI><a href="#[35]">&gt;&gt;</a>&nbsp;&nbsp;&nbsp;QActive_post_
<LI><a href="#[36]">&gt;&gt;</a>&nbsp;&nbsp;&nbsp;QActive_postLIFO_
<LI><a href="#[7f]">&gt;&gt;</a>&nbsp;&nbsp;&nbsp;QActive_get_
<LI><a href="#[b3]">&gt;&gt;</a>&nbsp;&nbsp;&nbsp;QS_rxHandleGoodFrame_
<LI><a href="#[b0]">&gt;&gt;</a>&nbsp;&nbsp;&nbsp;QS_queryCurrObj
<LI><a href="#[b1]">&gt;&gt;</a>&nbsp;&nbsp;&nbsp;QS_rxReportError_
<LI><a href="#[b6]">&gt;&gt;</a>&nbsp;&nbsp;&nbsp;QS_rxReportDone_
<LI><a href="#[b4]">&gt;&gt;</a>&nbsp;&nbsp;&nbsp;QS_rxReportAck_
<LI><a href="#[ab]">&gt;&gt;</a>&nbsp;&nbsp;&nbsp;QS_target_info_pre_
</UL>

<P><STRONG><a name="[a4]"></a>QS_fun_dict_pre_</STRONG> (Thumb, 66 bytes, Stack size 24 bytes, qs.o(.text.QS_fun_dict_pre_))
<BR><BR>[Stack]<UL><LI>Max Depth = 188<LI>Call Chain = QS_fun_dict_pre_ &rArr; QS_onFlush &rArr; HAL_UART_Transmit &rArr; UART_WaitOnFlagUntilTimeout &rArr; UART_EndRxTransfer
</UL>
<BR>[Calls]<UL><LI><a href="#[44]">&gt;&gt;</a>&nbsp;&nbsp;&nbsp;QS_u32_raw_
<LI><a href="#[8f]">&gt;&gt;</a>&nbsp;&nbsp;&nbsp;QS_onFlush
<LI><a href="#[46]">&gt;&gt;</a>&nbsp;&nbsp;&nbsp;QS_endRec_
<LI><a href="#[42]">&gt;&gt;</a>&nbsp;&nbsp;&nbsp;QS_beginRec_
<LI><a href="#[a7]">&gt;&gt;</a>&nbsp;&nbsp;&nbsp;QS_str_raw_
</UL>
<BR>[Called By]<UL><LI><a href="#[2a]">&gt;&gt;</a>&nbsp;&nbsp;&nbsp;UartMstr_initial
<LI><a href="#[31]">&gt;&gt;</a>&nbsp;&nbsp;&nbsp;QHsm_init_
</UL>

<P><STRONG><a name="[ac]"></a>QS_getBlock</STRONG> (Thumb, 148 bytes, Stack size 24 bytes, qs.o(.text.QS_getBlock))
<BR><BR>[Stack]<UL><LI>Max Depth = 24<LI>Call Chain = QS_getBlock
</UL>
<BR>[Called By]<UL><LI><a href="#[9c]">&gt;&gt;</a>&nbsp;&nbsp;&nbsp;QV_onIdle
<LI><a href="#[8f]">&gt;&gt;</a>&nbsp;&nbsp;&nbsp;QS_onFlush
</UL>

<P><STRONG><a name="[54]"></a>QS_glbFilter_</STRONG> (Thumb, 1156 bytes, Stack size 48 bytes, qs.o(.text.QS_glbFilter_))
<BR><BR>[Stack]<UL><LI>Max Depth = 252<LI>Call Chain = QS_glbFilter_ &rArr; Q_onAssert &rArr; QS_ASSERTION &rArr; QS_onFlush &rArr; HAL_UART_Transmit &rArr; UART_WaitOnFlagUntilTimeout &rArr; UART_EndRxTransfer
</UL>
<BR>[Calls]<UL><LI><a href="#[80]">&gt;&gt;</a>&nbsp;&nbsp;&nbsp;Q_onAssert
</UL>
<BR>[Called By]<UL><LI><a href="#[a9]">&gt;&gt;</a>&nbsp;&nbsp;&nbsp;QS_initBuf
<LI><a href="#[50]">&gt;&gt;</a>&nbsp;&nbsp;&nbsp;BSP_init
</UL>

<P><STRONG><a name="[a9]"></a>QS_initBuf</STRONG> (Thumb, 104 bytes, Stack size 24 bytes, qs.o(.text.QS_initBuf))
<BR><BR>[Stack]<UL><LI>Max Depth = 276<LI>Call Chain = QS_initBuf &rArr; QS_glbFilter_ &rArr; Q_onAssert &rArr; QS_ASSERTION &rArr; QS_onFlush &rArr; HAL_UART_Transmit &rArr; UART_WaitOnFlagUntilTimeout &rArr; UART_EndRxTransfer
</UL>
<BR>[Calls]<UL><LI><a href="#[80]">&gt;&gt;</a>&nbsp;&nbsp;&nbsp;Q_onAssert
<LI><a href="#[54]">&gt;&gt;</a>&nbsp;&nbsp;&nbsp;QS_glbFilter_
<LI><a href="#[46]">&gt;&gt;</a>&nbsp;&nbsp;&nbsp;QS_endRec_
<LI><a href="#[42]">&gt;&gt;</a>&nbsp;&nbsp;&nbsp;QS_beginRec_
<LI><a href="#[ab]">&gt;&gt;</a>&nbsp;&nbsp;&nbsp;QS_target_info_pre_
<LI><a href="#[aa]">&gt;&gt;</a>&nbsp;&nbsp;&nbsp;QS_locFilter_
</UL>
<BR>[Called By]<UL><LI><a href="#[53]">&gt;&gt;</a>&nbsp;&nbsp;&nbsp;QS_onStartup
</UL>

<P><STRONG><a name="[aa]"></a>QS_locFilter_</STRONG> (Thumb, 412 bytes, Stack size 48 bytes, qs.o(.text.QS_locFilter_))
<BR><BR>[Stack]<UL><LI>Max Depth = 252<LI>Call Chain = QS_locFilter_ &rArr; Q_onAssert &rArr; QS_ASSERTION &rArr; QS_onFlush &rArr; HAL_UART_Transmit &rArr; UART_WaitOnFlagUntilTimeout &rArr; UART_EndRxTransfer
</UL>
<BR>[Calls]<UL><LI><a href="#[80]">&gt;&gt;</a>&nbsp;&nbsp;&nbsp;Q_onAssert
</UL>
<BR>[Called By]<UL><LI><a href="#[a9]">&gt;&gt;</a>&nbsp;&nbsp;&nbsp;QS_initBuf
<LI><a href="#[b3]">&gt;&gt;</a>&nbsp;&nbsp;&nbsp;QS_rxHandleGoodFrame_
</UL>

<P><STRONG><a name="[9a]"></a>QS_obj_dict_pre_</STRONG> (Thumb, 66 bytes, Stack size 24 bytes, qs.o(.text.QS_obj_dict_pre_))
<BR><BR>[Stack]<UL><LI>Max Depth = 188<LI>Call Chain = QS_obj_dict_pre_ &rArr; QS_onFlush &rArr; HAL_UART_Transmit &rArr; UART_WaitOnFlagUntilTimeout &rArr; UART_EndRxTransfer
</UL>
<BR>[Calls]<UL><LI><a href="#[8f]">&gt;&gt;</a>&nbsp;&nbsp;&nbsp;QS_onFlush
<LI><a href="#[46]">&gt;&gt;</a>&nbsp;&nbsp;&nbsp;QS_endRec_
<LI><a href="#[42]">&gt;&gt;</a>&nbsp;&nbsp;&nbsp;QS_beginRec_
<LI><a href="#[82]">&gt;&gt;</a>&nbsp;&nbsp;&nbsp;QS_obj_raw_
<LI><a href="#[a7]">&gt;&gt;</a>&nbsp;&nbsp;&nbsp;QS_str_raw_
</UL>
<BR>[Called By]<UL><LI><a href="#[21]">&gt;&gt;</a>&nbsp;&nbsp;&nbsp;main
<LI><a href="#[98]">&gt;&gt;</a>&nbsp;&nbsp;&nbsp;QF_poolInit
<LI><a href="#[c5]">&gt;&gt;</a>&nbsp;&nbsp;&nbsp;UartMstr_ctor
</UL>

<P><STRONG><a name="[82]"></a>QS_obj_raw_</STRONG> (Thumb, 16 bytes, Stack size 16 bytes, qs.o(.text.QS_obj_raw_))
<BR><BR>[Stack]<UL><LI>Max Depth = 44<LI>Call Chain = QS_obj_raw_ &rArr; QS_u32_raw_
</UL>
<BR>[Calls]<UL><LI><a href="#[44]">&gt;&gt;</a>&nbsp;&nbsp;&nbsp;QS_u32_raw_
</UL>
<BR>[Called By]<UL><LI><a href="#[bb]">&gt;&gt;</a>&nbsp;&nbsp;&nbsp;QS_sig_dict_pre_
<LI><a href="#[be]">&gt;&gt;</a>&nbsp;&nbsp;&nbsp;QTimeEvt_disarm
<LI><a href="#[bc]">&gt;&gt;</a>&nbsp;&nbsp;&nbsp;QTimeEvt_armX
<LI><a href="#[9a]">&gt;&gt;</a>&nbsp;&nbsp;&nbsp;QS_obj_dict_pre_
<LI><a href="#[48]">&gt;&gt;</a>&nbsp;&nbsp;&nbsp;QTimeEvt_tick_
<LI><a href="#[af]">&gt;&gt;</a>&nbsp;&nbsp;&nbsp;QS_rxInitBuf
<LI><a href="#[a1]">&gt;&gt;</a>&nbsp;&nbsp;&nbsp;QHsm_state_exit_
<LI><a href="#[a3]">&gt;&gt;</a>&nbsp;&nbsp;&nbsp;QHsm_state_entry_
<LI><a href="#[31]">&gt;&gt;</a>&nbsp;&nbsp;&nbsp;QHsm_init_
<LI><a href="#[32]">&gt;&gt;</a>&nbsp;&nbsp;&nbsp;QHsm_dispatch_
<LI><a href="#[88]">&gt;&gt;</a>&nbsp;&nbsp;&nbsp;QActive_publish_
<LI><a href="#[91]">&gt;&gt;</a>&nbsp;&nbsp;&nbsp;QMPool_put
<LI><a href="#[94]">&gt;&gt;</a>&nbsp;&nbsp;&nbsp;QMPool_get
<LI><a href="#[35]">&gt;&gt;</a>&nbsp;&nbsp;&nbsp;QActive_post_
<LI><a href="#[36]">&gt;&gt;</a>&nbsp;&nbsp;&nbsp;QActive_postLIFO_
<LI><a href="#[7f]">&gt;&gt;</a>&nbsp;&nbsp;&nbsp;QActive_get_
<LI><a href="#[b0]">&gt;&gt;</a>&nbsp;&nbsp;&nbsp;QS_queryCurrObj
</UL>

<P><STRONG><a name="[a8]"></a>QS_onCleanup</STRONG> (Thumb, 2 bytes, Stack size 0 bytes, bsp.o(.text.QS_onCleanup))
<BR><BR>[Called By]<UL><LI><a href="#[a6]">&gt;&gt;</a>&nbsp;&nbsp;&nbsp;QS_ASSERTION
</UL>

<P><STRONG><a name="[b5]"></a>QS_onCommand</STRONG> (Thumb, 20 bytes, Stack size 32 bytes, bsp.o(.text.QS_onCommand))
<BR><BR>[Stack]<UL><LI>Max Depth = 32<LI>Call Chain = QS_onCommand
</UL>
<BR>[Called By]<UL><LI><a href="#[b3]">&gt;&gt;</a>&nbsp;&nbsp;&nbsp;QS_rxHandleGoodFrame_
</UL>

<P><STRONG><a name="[8f]"></a>QS_onFlush</STRONG> (Thumb, 76 bytes, Stack size 24 bytes, bsp.o(.text.QS_onFlush))
<BR><BR>[Stack]<UL><LI>Max Depth = 164<LI>Call Chain = QS_onFlush &rArr; HAL_UART_Transmit &rArr; UART_WaitOnFlagUntilTimeout &rArr; UART_EndRxTransfer
</UL>
<BR>[Calls]<UL><LI><a href="#[ac]">&gt;&gt;</a>&nbsp;&nbsp;&nbsp;QS_getBlock
<LI><a href="#[77]">&gt;&gt;</a>&nbsp;&nbsp;&nbsp;HAL_UART_Transmit
</UL>
<BR>[Called By]<UL><LI><a href="#[bb]">&gt;&gt;</a>&nbsp;&nbsp;&nbsp;QS_sig_dict_pre_
<LI><a href="#[9a]">&gt;&gt;</a>&nbsp;&nbsp;&nbsp;QS_obj_dict_pre_
<LI><a href="#[a4]">&gt;&gt;</a>&nbsp;&nbsp;&nbsp;QS_fun_dict_pre_
<LI><a href="#[a6]">&gt;&gt;</a>&nbsp;&nbsp;&nbsp;QS_ASSERTION
<LI><a href="#[34]">&gt;&gt;</a>&nbsp;&nbsp;&nbsp;QActive_start_
</UL>

<P><STRONG><a name="[43]"></a>QS_onGetTime</STRONG> (Thumb, 64 bytes, Stack size 4 bytes, bsp.o(.text.QS_onGetTime))
<BR><BR>[Stack]<UL><LI>Max Depth = 4<LI>Call Chain = QS_onGetTime
</UL>
<BR>[Called By]<UL><LI><a href="#[9b]">&gt;&gt;</a>&nbsp;&nbsp;&nbsp;QF_run
<LI><a href="#[be]">&gt;&gt;</a>&nbsp;&nbsp;&nbsp;QTimeEvt_disarm
<LI><a href="#[bc]">&gt;&gt;</a>&nbsp;&nbsp;&nbsp;QTimeEvt_armX
<LI><a href="#[48]">&gt;&gt;</a>&nbsp;&nbsp;&nbsp;QTimeEvt_tick_
<LI><a href="#[a6]">&gt;&gt;</a>&nbsp;&nbsp;&nbsp;QS_ASSERTION
<LI><a href="#[4a]">&gt;&gt;</a>&nbsp;&nbsp;&nbsp;QF_newX_
<LI><a href="#[75]">&gt;&gt;</a>&nbsp;&nbsp;&nbsp;HAL_UART_RxCpltCallback
<LI><a href="#[4e]">&gt;&gt;</a>&nbsp;&nbsp;&nbsp;BSP_UART_Send
<LI><a href="#[4b]">&gt;&gt;</a>&nbsp;&nbsp;&nbsp;BSP_UART_Error_Handler
<LI><a href="#[41]">&gt;&gt;</a>&nbsp;&nbsp;&nbsp;BSP_ParseRsp
<LI><a href="#[31]">&gt;&gt;</a>&nbsp;&nbsp;&nbsp;QHsm_init_
<LI><a href="#[32]">&gt;&gt;</a>&nbsp;&nbsp;&nbsp;QHsm_dispatch_
<LI><a href="#[88]">&gt;&gt;</a>&nbsp;&nbsp;&nbsp;QActive_publish_
<LI><a href="#[91]">&gt;&gt;</a>&nbsp;&nbsp;&nbsp;QMPool_put
<LI><a href="#[94]">&gt;&gt;</a>&nbsp;&nbsp;&nbsp;QMPool_get
<LI><a href="#[87]">&gt;&gt;</a>&nbsp;&nbsp;&nbsp;QF_gc
<LI><a href="#[35]">&gt;&gt;</a>&nbsp;&nbsp;&nbsp;QActive_post_
<LI><a href="#[36]">&gt;&gt;</a>&nbsp;&nbsp;&nbsp;QActive_postLIFO_
<LI><a href="#[7f]">&gt;&gt;</a>&nbsp;&nbsp;&nbsp;QActive_get_
<LI><a href="#[b3]">&gt;&gt;</a>&nbsp;&nbsp;&nbsp;QS_rxHandleGoodFrame_
<LI><a href="#[b0]">&gt;&gt;</a>&nbsp;&nbsp;&nbsp;QS_queryCurrObj
<LI><a href="#[b6]">&gt;&gt;</a>&nbsp;&nbsp;&nbsp;QS_rxReportDone_
</UL>

<P><STRONG><a name="[ad]"></a>QS_onReset</STRONG> (Thumb, 4 bytes, Stack size 0 bytes, bsp.o(.text.QS_onReset))
<BR><BR>[Calls]<UL><LI><a href="#[ae]">&gt;&gt;</a>&nbsp;&nbsp;&nbsp;__NVIC_SystemReset
</UL>
<BR>[Called By]<UL><LI><a href="#[b3]">&gt;&gt;</a>&nbsp;&nbsp;&nbsp;QS_rxHandleGoodFrame_
</UL>

<P><STRONG><a name="[53]"></a>QS_onStartup</STRONG> (Thumb, 80 bytes, Stack size 16 bytes, bsp.o(.text.QS_onStartup))
<BR><BR>[Stack]<UL><LI>Max Depth = 292<LI>Call Chain = QS_onStartup &rArr; QS_initBuf &rArr; QS_glbFilter_ &rArr; Q_onAssert &rArr; QS_ASSERTION &rArr; QS_onFlush &rArr; HAL_UART_Transmit &rArr; UART_WaitOnFlagUntilTimeout &rArr; UART_EndRxTransfer
</UL>
<BR>[Calls]<UL><LI><a href="#[af]">&gt;&gt;</a>&nbsp;&nbsp;&nbsp;QS_rxInitBuf
<LI><a href="#[a9]">&gt;&gt;</a>&nbsp;&nbsp;&nbsp;QS_initBuf
<LI><a href="#[58]">&gt;&gt;</a>&nbsp;&nbsp;&nbsp;__aeabi_uidiv
</UL>
<BR>[Called By]<UL><LI><a href="#[50]">&gt;&gt;</a>&nbsp;&nbsp;&nbsp;BSP_init
</UL>

<P><STRONG><a name="[b0]"></a>QS_queryCurrObj</STRONG> (Thumb, 312 bytes, Stack size 48 bytes, qs_rx.o(.text.QS_queryCurrObj))
<BR><BR>[Stack]<UL><LI>Max Depth = 104<LI>Call Chain = QS_queryCurrObj &rArr; QS_rxReportError_ &rArr; QS_beginRec_
</UL>
<BR>[Calls]<UL><LI><a href="#[44]">&gt;&gt;</a>&nbsp;&nbsp;&nbsp;QS_u32_raw_
<LI><a href="#[43]">&gt;&gt;</a>&nbsp;&nbsp;&nbsp;QS_onGetTime
<LI><a href="#[46]">&gt;&gt;</a>&nbsp;&nbsp;&nbsp;QS_endRec_
<LI><a href="#[42]">&gt;&gt;</a>&nbsp;&nbsp;&nbsp;QS_beginRec_
<LI><a href="#[81]">&gt;&gt;</a>&nbsp;&nbsp;&nbsp;QS_u16_raw_
<LI><a href="#[82]">&gt;&gt;</a>&nbsp;&nbsp;&nbsp;QS_obj_raw_
<LI><a href="#[84]">&gt;&gt;</a>&nbsp;&nbsp;&nbsp;QS_u8_raw_
<LI><a href="#[b1]">&gt;&gt;</a>&nbsp;&nbsp;&nbsp;QS_rxReportError_
</UL>
<BR>[Called By]<UL><LI><a href="#[b3]">&gt;&gt;</a>&nbsp;&nbsp;&nbsp;QS_rxHandleGoodFrame_
</UL>

<P><STRONG><a name="[b3]"></a>QS_rxHandleGoodFrame_</STRONG> (Thumb, 1376 bytes, Stack size 96 bytes, qs_rx.o(.text.QS_rxHandleGoodFrame_))
<BR><BR>[Stack]<UL><LI>Max Depth = 396<LI>Call Chain = QS_rxHandleGoodFrame_ &rArr; QActive_publish_ &rArr; QF_gc &rArr; QMPool_put &rArr; Q_onAssert &rArr; QS_ASSERTION &rArr; QS_onFlush &rArr; HAL_UART_Transmit &rArr; UART_WaitOnFlagUntilTimeout &rArr; UART_EndRxTransfer
</UL>
<BR>[Calls]<UL><LI><a href="#[80]">&gt;&gt;</a>&nbsp;&nbsp;&nbsp;Q_onAssert
<LI><a href="#[48]">&gt;&gt;</a>&nbsp;&nbsp;&nbsp;QTimeEvt_tick_
<LI><a href="#[44]">&gt;&gt;</a>&nbsp;&nbsp;&nbsp;QS_u32_raw_
<LI><a href="#[ad]">&gt;&gt;</a>&nbsp;&nbsp;&nbsp;QS_onReset
<LI><a href="#[43]">&gt;&gt;</a>&nbsp;&nbsp;&nbsp;QS_onGetTime
<LI><a href="#[b5]">&gt;&gt;</a>&nbsp;&nbsp;&nbsp;QS_onCommand
<LI><a href="#[46]">&gt;&gt;</a>&nbsp;&nbsp;&nbsp;QS_endRec_
<LI><a href="#[42]">&gt;&gt;</a>&nbsp;&nbsp;&nbsp;QS_beginRec_
<LI><a href="#[81]">&gt;&gt;</a>&nbsp;&nbsp;&nbsp;QS_u16_raw_
<LI><a href="#[88]">&gt;&gt;</a>&nbsp;&nbsp;&nbsp;QActive_publish_
<LI><a href="#[84]">&gt;&gt;</a>&nbsp;&nbsp;&nbsp;QS_u8_raw_
<LI><a href="#[87]">&gt;&gt;</a>&nbsp;&nbsp;&nbsp;QF_gc
<LI><a href="#[b0]">&gt;&gt;</a>&nbsp;&nbsp;&nbsp;QS_queryCurrObj
<LI><a href="#[b1]">&gt;&gt;</a>&nbsp;&nbsp;&nbsp;QS_rxReportError_
<LI><a href="#[b6]">&gt;&gt;</a>&nbsp;&nbsp;&nbsp;QS_rxReportDone_
<LI><a href="#[b4]">&gt;&gt;</a>&nbsp;&nbsp;&nbsp;QS_rxReportAck_
<LI><a href="#[ab]">&gt;&gt;</a>&nbsp;&nbsp;&nbsp;QS_target_info_pre_
<LI><a href="#[aa]">&gt;&gt;</a>&nbsp;&nbsp;&nbsp;QS_locFilter_
</UL>
<BR>[Called By]<UL><LI><a href="#[b7]">&gt;&gt;</a>&nbsp;&nbsp;&nbsp;QS_rxParse
</UL>

<P><STRONG><a name="[af]"></a>QS_rxInitBuf</STRONG> (Thumb, 92 bytes, Stack size 24 bytes, qs_rx.o(.text.QS_rxInitBuf))
<BR><BR>[Stack]<UL><LI>Max Depth = 68<LI>Call Chain = QS_rxInitBuf &rArr; QS_obj_raw_ &rArr; QS_u32_raw_
</UL>
<BR>[Calls]<UL><LI><a href="#[46]">&gt;&gt;</a>&nbsp;&nbsp;&nbsp;QS_endRec_
<LI><a href="#[42]">&gt;&gt;</a>&nbsp;&nbsp;&nbsp;QS_beginRec_
[...]
<LI><a href="#[72]">&gt;&gt;</a>&nbsp;&nbsp;&nbsp;UART_CheckIdleState
</UL>

<P><STRONG><a name="[1c]"></a>USART1_IRQHandler</STRONG> (Thumb, 16 bytes, Stack size 8 bytes, stm32l0xx_it.o(.text.USART1_IRQHandler))
<BR><BR>[Stack]<UL><LI>Max Depth = 228<LI>Call Chain = USART1_IRQHandler &rArr; HAL_UART_IRQHandler &rArr; UART_EndRxTransfer
</UL>
<BR>[Calls]<UL><LI><a href="#[66]">&gt;&gt;</a>&nbsp;&nbsp;&nbsp;HAL_UART_IRQHandler
</UL>
<BR>[Address Reference Count : 1]<UL><LI> startup_stm32l053xx.o(RESET)
</UL>
<P><STRONG><a name="[1d]"></a>USART2_IRQHandler</STRONG> (Thumb, 16 bytes, Stack size 8 bytes, stm32l0xx_it.o(.text.USART2_IRQHandler))
<BR><BR>[Stack]<UL><LI>Max Depth = 228<LI>Call Chain = USART2_IRQHandler &rArr; HAL_UART_IRQHandler &rArr; UART_EndRxTransfer
</UL>
<BR>[Calls]<UL><LI><a href="#[66]">&gt;&gt;</a>&nbsp;&nbsp;&nbsp;HAL_UART_IRQHandler
</UL>
<BR>[Address Reference Count : 1]<UL><LI> startup_stm32l053xx.o(RESET)
</UL>
<P><STRONG><a name="[c5]"></a>UartMstr_ctor</STRONG> (Thumb, 64 bytes, Stack size 16 bytes, uartmstr.o(.text.UartMstr_ctor))
<BR><BR>[Stack]<UL><LI>Max Depth = 244<LI>Call Chain = UartMstr_ctor &rArr; QTimeEvt_ctorX &rArr; Q_onAssert &rArr; QS_ASSERTION &rArr; QS_onFlush &rArr; HAL_UART_Transmit &rArr; UART_WaitOnFlagUntilTimeout &rArr; UART_EndRxTransfer
</UL>
<BR>[Calls]<UL><LI><a href="#[bd]">&gt;&gt;</a>&nbsp;&nbsp;&nbsp;QTimeEvt_ctorX
<LI><a href="#[9a]">&gt;&gt;</a>&nbsp;&nbsp;&nbsp;QS_obj_dict_pre_
<LI><a href="#[7c]">&gt;&gt;</a>&nbsp;&nbsp;&nbsp;QActive_ctor
</UL>
<BR>[Called By]<UL><LI><a href="#[21]">&gt;&gt;</a>&nbsp;&nbsp;&nbsp;main
</UL>

<P><STRONG><a name="[21]"></a>main</STRONG> (Thumb, 240 bytes, Stack size 40 bytes, main.o(.text.main))
<BR><BR>[Stack]<UL><LI>Max Depth = 484<LI>Call Chain = main &rArr; QF_run &rArr; QV_onIdle &rArr; QS_rxParse &rArr; QS_rxHandleGoodFrame_ &rArr; QActive_publish_ &rArr; QF_gc &rArr; QMPool_put &rArr; Q_onAssert &rArr; QS_ASSERTION &rArr; QS_onFlush &rArr; HAL_UART_Transmit &rArr; UART_WaitOnFlagUntilTimeout &rArr; UART_EndRxTransfer
</UL>
<BR>[Calls]<UL><LI><a href="#[c0]">&gt;&gt;</a>&nbsp;&nbsp;&nbsp;SystemClock_Config
<LI><a href="#[bb]">&gt;&gt;</a>&nbsp;&nbsp;&nbsp;QS_sig_dict_pre_
<LI><a href="#[9b]">&gt;&gt;</a>&nbsp;&nbsp;&nbsp;QF_run
<LI><a href="#[98]">&gt;&gt;</a>&nbsp;&nbsp;&nbsp;QF_poolInit
<LI><a href="#[92]">&gt;&gt;</a>&nbsp;&nbsp;&nbsp;QF_init
<LI><a href="#[7a]">&gt;&gt;</a>&nbsp;&nbsp;&nbsp;MX_USART1_UART_Init
<LI><a href="#[55]">&gt;&gt;</a>&nbsp;&nbsp;&nbsp;HAL_Init
<LI><a href="#[c6]">&gt;&gt;</a>&nbsp;&nbsp;&nbsp;__NVIC_DisableIRQ
<LI><a href="#[c5]">&gt;&gt;</a>&nbsp;&nbsp;&nbsp;UartMstr_ctor
<LI><a href="#[9a]">&gt;&gt;</a>&nbsp;&nbsp;&nbsp;QS_obj_dict_pre_
<LI><a href="#[80]">&gt;&gt;</a>&nbsp;&nbsp;&nbsp;Q_onAssert
<LI><a href="#[50]">&gt;&gt;</a>&nbsp;&nbsp;&nbsp;BSP_init
</UL>
<BR>[Address Reference Count : 1]<UL><LI> entry9a.o(.ARM.Collect$$$$0000000B)
</UL>
<P><STRONG><a name="[d5]"></a>__scatterload_copy</STRONG> (Thumb, 14 bytes, Stack size unknown bytes, handlers.o(i.__scatterload_copy), UNUSED)

<P><STRONG><a name="[d6]"></a>__scatterload_null</STRONG> (Thumb, 2 bytes, Stack size unknown bytes, handlers.o(i.__scatterload_null), UNUSED)

<P><STRONG><a name="[d7]"></a>__scatterload_zeroinit</STRONG> (Thumb, 14 bytes, Stack size unknown bytes, handlers.o(i.__scatterload_zeroinit), UNUSED)
<P>
<H3>
Local Symbols
</H3>
<P><STRONG><a name="[97]"></a>__NVIC_EnableIRQ</STRONG> (Thumb, 40 bytes, Stack size 4 bytes, bsp.o(.text.__NVIC_EnableIRQ))
<BR><BR>[Stack]<UL><LI>Max Depth = 4<LI>Call Chain = __NVIC_EnableIRQ
</UL>
<BR>[Called By]<UL><LI><a href="#[95]">&gt;&gt;</a>&nbsp;&nbsp;&nbsp;QF_onStartup
</UL>

<P><STRONG><a name="[96]"></a>__NVIC_SetPriority</STRONG> (Thumb, 128 bytes, Stack size 24 bytes, bsp.o(.text.__NVIC_SetPriority))
<BR><BR>[Stack]<UL><LI>Max Depth = 24<LI>Call Chain = __NVIC_SetPriority
</UL>
<BR>[Called By]<UL><LI><a href="#[95]">&gt;&gt;</a>&nbsp;&nbsp;&nbsp;QF_onStartup
</UL>

<P><STRONG><a name="[ae]"></a>__NVIC_SystemReset</STRONG> (Thumb, 28 bytes, Stack size 0 bytes, bsp.o(.text.__NVIC_SystemReset))
<BR><BR>[Called By]<UL><LI><a href="#[ad]">&gt;&gt;</a>&nbsp;&nbsp;&nbsp;QS_onReset
</UL>

<P><STRONG><a name="[2b]"></a>UartMstr_Active</STRONG> (Thumb, 100 bytes, Stack size 24 bytes, uartmstr.o(.text.UartMstr_Active))
<BR><BR>[Stack]<UL><LI>Max Depth = 24<LI>Call Chain = UartMstr_Active
</UL>
<BR>[Calls]<UL><LI><a href="#[c3]">&gt;&gt;</a>&nbsp;&nbsp;&nbsp;BSP_Uart_Init
</UL>
<BR>[Address Reference Count : 1]<UL><LI> uartmstr.o(.text.UartMstr_initial)
</UL>
<P><STRONG><a name="[2e]"></a>UartMstr_ERR</STRONG> (Thumb, 88 bytes, Stack size 24 bytes, uartmstr.o(.text.UartMstr_ERR))
<BR><BR>[Stack]<UL><LI>Max Depth = 260<LI>Call Chain = UartMstr_ERR &rArr; QTimeEvt_armX &rArr; Q_onAssert &rArr; QS_ASSERTION &rArr; QS_onFlush &rArr; HAL_UART_Transmit &rArr; UART_WaitOnFlagUntilTimeout &rArr; UART_EndRxTransfer
</UL>
<BR>[Calls]<UL><LI><a href="#[bc]">&gt;&gt;</a>&nbsp;&nbsp;&nbsp;QTimeEvt_armX
<LI><a href="#[4b]">&gt;&gt;</a>&nbsp;&nbsp;&nbsp;BSP_UART_Error_Handler
</UL>
<BR>[Address Reference Count : 1]<UL><LI> uartmstr.o(.text.UartMstr_initial)
</UL>
<P><STRONG><a name="[30]"></a>UartMstr_Idle</STRONG> (Thumb, 80 bytes, Stack size 24 bytes, uartmstr.o(.text.UartMstr_Idle))
<BR><BR>[Stack]<UL><LI>Max Depth = 24<LI>Call Chain = UartMstr_Idle
</UL>
<BR>[Calls]<UL><LI><a href="#[c4]">&gt;&gt;</a>&nbsp;&nbsp;&nbsp;BSP_Uart_DeInit
</UL>
<BR>[Address Reference Count : 1]<UL><LI> uartmstr.o(.text.UartMstr_initial)
</UL>
<P><STRONG><a name="[2c]"></a>UartMstr_RX</STRONG> (Thumb, 180 bytes, Stack size 24 bytes, uartmstr.o(.text.UartMstr_RX))
<BR><BR>[Stack]<UL><LI>Max Depth = 260<LI>Call Chain = UartMstr_RX &rArr; QTimeEvt_armX &rArr; Q_onAssert &rArr; QS_ASSERTION &rArr; QS_onFlush &rArr; HAL_UART_Transmit &rArr; UART_WaitOnFlagUntilTimeout &rArr; UART_EndRxTransfer
</UL>
<BR>[Calls]<UL><LI><a href="#[be]">&gt;&gt;</a>&nbsp;&nbsp;&nbsp;QTimeEvt_disarm
<LI><a href="#[bc]">&gt;&gt;</a>&nbsp;&nbsp;&nbsp;QTimeEvt_armX
<LI><a href="#[41]">&gt;&gt;</a>&nbsp;&nbsp;&nbsp;BSP_ParseRsp
</UL>
<BR>[Address Reference Count : 1]<UL><LI> uartmstr.o(.text.UartMstr_initial)
</UL>
<P><STRONG><a name="[2f]"></a>UartMstr_TX</STRONG> (Thumb, 180 bytes, Stack size 24 bytes, uartmstr.o(.text.UartMstr_TX))
<BR><BR>[Stack]<UL><LI>Max Depth = 260<LI>Call Chain = UartMstr_TX &rArr; QTimeEvt_armX &rArr; Q_onAssert &rArr; QS_ASSERTION &rArr; QS_onFlush &rArr; HAL_UART_Transmit &rArr; UART_WaitOnFlagUntilTimeout &rArr; UART_EndRxTransfer
</UL>
<BR>[Calls]<UL><LI><a href="#[be]">&gt;&gt;</a>&nbsp;&nbsp;&nbsp;QTimeEvt_disarm
<LI><a href="#[bc]">&gt;&gt;</a>&nbsp;&nbsp;&nbsp;QTimeEvt_armX
<LI><a href="#[4e]">&gt;&gt;</a>&nbsp;&nbsp;&nbsp;BSP_UART_Send
<LI><a href="#[4c]">&gt;&gt;</a>&nbsp;&nbsp;&nbsp;BSP_UART_Receive
</UL>
<BR>[Address Reference Count : 1]<UL><LI> uartmstr.o(.text.UartMstr_initial)
</UL>
<P><STRONG><a name="[2d]"></a>UartMstr_WAIT4CMD</STRONG> (Thumb, 88 bytes, Stack size 16 bytes, uartmstr.o(.text.UartMstr_WAIT4CMD))
<BR><BR>[Stack]<UL><LI>Max Depth = 16<LI>Call Chain = UartMstr_WAIT4CMD
</UL>
<BR>[Address Reference Count : 1]<UL><LI> uartmstr.o(.text.UartMstr_initial)
</UL>
<P><STRONG><a name="[2a]"></a>UartMstr_initial</STRONG> (Thumb, 120 bytes, Stack size 24 bytes, uartmstr.o(.text.UartMstr_initial))
<BR><BR>[Stack]<UL><LI>Max Depth = 212<LI>Call Chain = UartMstr_initial &rArr; QS_fun_dict_pre_ &rArr; QS_onFlush &rArr; HAL_UART_Transmit &rArr; UART_WaitOnFlagUntilTimeout &rArr; UART_EndRxTransfer
</UL>
<BR>[Calls]<UL><LI><a href="#[a4]">&gt;&gt;</a>&nbsp;&nbsp;&nbsp;QS_fun_dict_pre_
</UL>
<BR>[Address Reference Count : 1]<UL><LI> uartmstr.o(.text.UartMstr_ctor)
</UL>
<P><STRONG><a name="[c6]"></a>__NVIC_DisableIRQ</STRONG> (Thumb, 52 bytes, Stack size 4 bytes, main.o(.text.__NVIC_DisableIRQ))
<BR><BR>[Stack]<UL><LI>Max Depth = 4<LI>Call Chain = __NVIC_DisableIRQ
</UL>
<BR>[Called By]<UL><LI><a href="#[21]">&gt;&gt;</a>&nbsp;&nbsp;&nbsp;main
</UL>

<P><STRONG><a name="[24]"></a>UART_DMAAbortOnError</STRONG> (Thumb, 36 bytes, Stack size 16 bytes, stm32l0xx_hal_uart.o(.text.UART_DMAAbortOnError))
<BR><BR>[Stack]<UL><LI>Max Depth = 20<LI>Call Chain = UART_DMAAbortOnError &rArr; HAL_UART_ErrorCallback
</UL>
<BR>[Calls]<UL><LI><a href="#[69]">&gt;&gt;</a>&nbsp;&nbsp;&nbsp;HAL_UART_ErrorCallback
</UL>
<BR>[Address Reference Count : 1]<UL><LI> stm32l0xx_hal_uart.o(.text.HAL_UART_IRQHandler)
</UL>
<P><STRONG><a name="[67]"></a>UART_EndRxTransfer</STRONG> (Thumb, 176 bytes, Stack size 52 bytes, stm32l0xx_hal_uart.o(.text.UART_EndRxTransfer))
<BR><BR>[Stack]<UL><LI>Max Depth = 52<LI>Call Chain = UART_EndRxTransfer
</UL>
<BR>[Called By]<UL><LI><a href="#[78]">&gt;&gt;</a>&nbsp;&nbsp;&nbsp;UART_WaitOnFlagUntilTimeout
<LI><a href="#[66]">&gt;&gt;</a>&nbsp;&nbsp;&nbsp;HAL_UART_IRQHandler
</UL>

<P><STRONG><a name="[6d]"></a>UART_EndTransmit_IT</STRONG> (Thumb, 74 bytes, Stack size 32 bytes, stm32l0xx_hal_uart.o(.text.UART_EndTransmit_IT))
<BR><BR>[Stack]<UL><LI>Max Depth = 48<LI>Call Chain = UART_EndTransmit_IT &rArr; HAL_UART_TxCpltCallback
</UL>
<BR>[Calls]<UL><LI><a href="#[c2]">&gt;&gt;</a>&nbsp;&nbsp;&nbsp;HAL_UART_TxCpltCallback
</UL>
<BR>[Called By]<UL><LI><a href="#[66]">&gt;&gt;</a>&nbsp;&nbsp;&nbsp;HAL_UART_IRQHandler
</UL>

<P><STRONG><a name="[29]"></a>UART_RxISR_16BIT</STRONG> (Thumb, 400 bytes, Stack size 88 bytes, stm32l0xx_hal_uart.o(.text.UART_RxISR_16BIT))
<BR><BR>[Stack]<UL><LI>Max Depth = 404<LI>Call Chain = UART_RxISR_16BIT &rArr; HAL_UART_RxCpltCallback &rArr; QF_newX_ &rArr; QMPool_get &rArr; Q_onAssert &rArr; QS_ASSERTION &rArr; QS_onFlush &rArr; HAL_UART_Transmit &rArr; UART_WaitOnFlagUntilTimeout &rArr; UART_EndRxTransfer
</UL>
<BR>[Calls]<UL><LI><a href="#[75]">&gt;&gt;</a>&nbsp;&nbsp;&nbsp;HAL_UART_RxCpltCallback
<LI><a href="#[6b]">&gt;&gt;</a>&nbsp;&nbsp;&nbsp;HAL_UARTEx_RxEventCallback
</UL>
<BR>[Address Reference Count : 1]<UL><LI> stm32l0xx_hal_uart.o(.text.UART_Start_Receive_IT)
</UL>
<P><STRONG><a name="[28]"></a>UART_RxISR_8BIT</STRONG> (Thumb, 400 bytes, Stack size 88 bytes, stm32l0xx_hal_uart.o(.text.UART_RxISR_8BIT))
<BR><BR>[Stack]<UL><LI>Max Depth = 404<LI>Call Chain = UART_RxISR_8BIT &rArr; HAL_UART_RxCpltCallback &rArr; QF_newX_ &rArr; QMPool_get &rArr; Q_onAssert &rArr; QS_ASSERTION &rArr; QS_onFlush &rArr; HAL_UART_Transmit &rArr; UART_WaitOnFlagUntilTimeout &rArr; UART_EndRxTransfer
</UL>
<BR>[Calls]<UL><LI><a href="#[75]">&gt;&gt;</a>&nbsp;&nbsp;&nbsp;HAL_UART_RxCpltCallback
<LI><a href="#[6b]">&gt;&gt;</a>&nbsp;&nbsp;&nbsp;HAL_UARTEx_RxEventCallback
</UL>
<BR>[Address Reference Count : 1]<UL><LI> stm32l0xx_hal_uart.o(.text.UART_Start_Receive_IT)
</UL>
<P><STRONG><a name="[26]"></a>UART_TxISR_16BIT</STRONG> (Thumb, 172 bytes, Stack size 40 bytes, stm32l0xx_hal_uart.o(.text.UART_TxISR_16BIT))
<BR><BR>[Stack]<UL><LI>Max Depth = 40<LI>Call Chain = UART_TxISR_16BIT
</UL>
<BR>[Address Reference Count : 1]<UL><LI> stm32l0xx_hal_uart.o(.text.HAL_UART_Transmit_IT)
</UL>
<P><STRONG><a name="[25]"></a>UART_TxISR_8BIT</STRONG> (Thumb, 156 bytes, Stack size 36 bytes, stm32l0xx_hal_uart.o(.text.UART_TxISR_8BIT))
<BR><BR>[Stack]<UL><LI>Max Depth = 36<LI>Call Chain = UART_TxISR_8BIT
</UL>
<BR>[Address Reference Count : 1]<UL><LI> stm32l0xx_hal_uart.o(.text.HAL_UART_Transmit_IT)
</UL>
<P><STRONG><a name="[65]"></a>SysTick_Config</STRONG> (Thumb, 84 bytes, Stack size 24 bytes, stm32l0xx_hal_cortex.o(.text.SysTick_Config))
<BR><BR>[Stack]<UL><LI>Max Depth = 48<LI>Call Chain = SysTick_Config &rArr; __NVIC_SetPriority
</UL>
<BR>[Calls]<UL><LI><a href="#[5d]">&gt;&gt;</a>&nbsp;&nbsp;&nbsp;__NVIC_SetPriority
</UL>
<BR>[Called By]<UL><LI><a href="#[59]">&gt;&gt;</a>&nbsp;&nbsp;&nbsp;HAL_SYSTICK_Config
</UL>

<P><STRONG><a name="[5c]"></a>__NVIC_EnableIRQ</STRONG> (Thumb, 44 bytes, Stack size 4 bytes, stm32l0xx_hal_cortex.o(.text.__NVIC_EnableIRQ))
<BR><BR>[Stack]<UL><LI>Max Depth = 4<LI>Call Chain = __NVIC_EnableIRQ
</UL>
<BR>[Called By]<UL><LI><a href="#[5b]">&gt;&gt;</a>&nbsp;&nbsp;&nbsp;HAL_NVIC_EnableIRQ
</UL>

<P><STRONG><a name="[5d]"></a>__NVIC_SetPriority</STRONG> (Thumb, 136 bytes, Stack size 24 bytes, stm32l0xx_hal_cortex.o(.text.__NVIC_SetPriority))
<BR><BR>[Stack]<UL><LI>Max Depth = 24<LI>Call Chain = __NVIC_SetPriority
</UL>
<BR>[Called By]<UL><LI><a href="#[5a]">&gt;&gt;</a>&nbsp;&nbsp;&nbsp;HAL_NVIC_SetPriority
<LI><a href="#[65]">&gt;&gt;</a>&nbsp;&nbsp;&nbsp;SysTick_Config
</UL>

<P><STRONG><a name="[a0]"></a>QHsm_reservedEvt_</STRONG> (Thumb, 48 bytes, Stack size 32 bytes, qep_hsm.o(.text.QHsm_reservedEvt_))
<BR><BR>[Stack]<UL><LI>Max Depth = 32<LI>Call Chain = QHsm_reservedEvt_
</UL>
<BR>[Called By]<UL><LI><a href="#[a2]">&gt;&gt;</a>&nbsp;&nbsp;&nbsp;QHsm_tran_
<LI><a href="#[31]">&gt;&gt;</a>&nbsp;&nbsp;&nbsp;QHsm_init_
<LI><a href="#[32]">&gt;&gt;</a>&nbsp;&nbsp;&nbsp;QHsm_dispatch_
</UL>

<P><STRONG><a name="[85]"></a>QEvt_refCtr_inc_</STRONG> (Thumb, 16 bytes, Stack size 4 bytes, qf_actq.o(.text.QEvt_refCtr_inc_))
<BR><BR>[Stack]<UL><LI>Max Depth = 4<LI>Call Chain = QEvt_refCtr_inc_
</UL>
<BR>[Called By]<UL><LI><a href="#[35]">&gt;&gt;</a>&nbsp;&nbsp;&nbsp;QActive_post_
<LI><a href="#[36]">&gt;&gt;</a>&nbsp;&nbsp;&nbsp;QActive_postLIFO_
</UL>

<P><STRONG><a name="[86]"></a>QPSet_insert</STRONG> (Thumb, 28 bytes, Stack size 8 bytes, qf_actq.o(.text.QPSet_insert))
<BR><BR>[Stack]<UL><LI>Max Depth = 8<LI>Call Chain = QPSet_insert
</UL>
<BR>[Called By]<UL><LI><a href="#[35]">&gt;&gt;</a>&nbsp;&nbsp;&nbsp;QActive_post_
<LI><a href="#[36]">&gt;&gt;</a>&nbsp;&nbsp;&nbsp;QActive_postLIFO_
</UL>

<P><STRONG><a name="[90]"></a>QEvt_refCtr_dec_</STRONG> (Thumb, 16 bytes, Stack size 4 bytes, qf_dyn.o(.text.QEvt_refCtr_dec_))
<BR><BR>[Stack]<UL><LI>Max Depth = 4<LI>Call Chain = QEvt_refCtr_dec_
</UL>
<BR>[Called By]<UL><LI><a href="#[87]">&gt;&gt;</a>&nbsp;&nbsp;&nbsp;QF_gc
</UL>

<P><STRONG><a name="[89]"></a>QEvt_refCtr_inc_</STRONG> (Thumb, 16 bytes, Stack size 4 bytes, qf_ps.o(.text.QEvt_refCtr_inc_))
<BR><BR>[Stack]<UL><LI>Max Depth = 4<LI>Call Chain = QEvt_refCtr_inc_
</UL>
<BR>[Called By]<UL><LI><a href="#[88]">&gt;&gt;</a>&nbsp;&nbsp;&nbsp;QActive_publish_
</UL>

<P><STRONG><a name="[8b]"></a>QPSet_findMax</STRONG> (Thumb, 18 bytes, Stack size 16 bytes, qf_ps.o(.text.QPSet_findMax))
<BR><BR>[Stack]<UL><LI>Max Depth = 16<LI>Call Chain = QPSet_findMax
</UL>
<BR>[Calls]<UL><LI><a href="#[a5]">&gt;&gt;</a>&nbsp;&nbsp;&nbsp;QF_qlog2
</UL>
<BR>[Called By]<UL><LI><a href="#[88]">&gt;&gt;</a>&nbsp;&nbsp;&nbsp;QActive_publish_
</UL>

<P><STRONG><a name="[8a]"></a>QPSet_notEmpty</STRONG> (Thumb, 16 bytes, Stack size 4 bytes, qf_ps.o(.text.QPSet_notEmpty))
<BR><BR>[Stack]<UL><LI>Max Depth = 4<LI>Call Chain = QPSet_notEmpty
</UL>
<BR>[Called By]<UL><LI><a href="#[88]">&gt;&gt;</a>&nbsp;&nbsp;&nbsp;QActive_publish_
</UL>

<P><STRONG><a name="[8c]"></a>QPSet_remove</STRONG> (Thumb, 28 bytes, Stack size 8 bytes, qf_ps.o(.text.QPSet_remove))
<BR><BR>[Stack]<UL><LI>Max Depth = 8<LI>Call Chain = QPSet_remove
</UL>
<BR>[Called By]<UL><LI><a href="#[88]">&gt;&gt;</a>&nbsp;&nbsp;&nbsp;QActive_publish_
</UL>

<P><STRONG><a name="[9e]"></a>QPSet_findMax</STRONG> (Thumb, 12 bytes, Stack size 8 bytes, qv.o(.text.QPSet_findMax))
<BR><BR>[Stack]<UL><LI>Max Depth = 8<LI>Call Chain = QPSet_findMax
</UL>
<BR>[Calls]<UL><LI><a href="#[a5]">&gt;&gt;</a>&nbsp;&nbsp;&nbsp;QF_qlog2
</UL>
<BR>[Called By]<UL><LI><a href="#[9b]">&gt;&gt;</a>&nbsp;&nbsp;&nbsp;QF_run
</UL>

<P><STRONG><a name="[9d]"></a>QPSet_notEmpty</STRONG> (Thumb, 12 bytes, Stack size 0 bytes, qv.o(.text.QPSet_notEmpty))
<BR><BR>[Called By]<UL><LI><a href="#[9b]">&gt;&gt;</a>&nbsp;&nbsp;&nbsp;QF_run
</UL>

<P><STRONG><a name="[9f]"></a>QPSet_remove</STRONG> (Thumb, 20 bytes, Stack size 0 bytes, qv.o(.text.QPSet_remove))
<BR><BR>[Called By]<UL><LI><a href="#[9b]">&gt;&gt;</a>&nbsp;&nbsp;&nbsp;QF_run
</UL>

<P><STRONG><a name="[b2]"></a>QS_rxHandleBadFrame_</STRONG> (Thumb, 80 bytes, Stack size 24 bytes, qs_rx.o(.text.QS_rxHandleBadFrame_))
<BR><BR>[Stack]<UL><LI>Max Depth = 276<LI>Call Chain = QS_rxHandleBadFrame_ &rArr; QF_gc &rArr; QMPool_put &rArr; Q_onAssert &rArr; QS_ASSERTION &rArr; QS_onFlush &rArr; HAL_UART_Transmit &rArr; UART_WaitOnFlagUntilTimeout &rArr; UART_EndRxTransfer
</UL>
<BR>[Calls]<UL><LI><a href="#[80]">&gt;&gt;</a>&nbsp;&nbsp;&nbsp;Q_onAssert
<LI><a href="#[87]">&gt;&gt;</a>&nbsp;&nbsp;&nbsp;QF_gc
<LI><a href="#[b1]">&gt;&gt;</a>&nbsp;&nbsp;&nbsp;QS_rxReportError_
</UL>
<BR>[Called By]<UL><LI><a href="#[b7]">&gt;&gt;</a>&nbsp;&nbsp;&nbsp;QS_rxParse
</UL>

<P><STRONG><a name="[b8]"></a>QS_rxParseData_</STRONG> (Thumb, 1544 bytes, Stack size 88 bytes, qs_rx.o(.text.QS_rxParseData_))
<BR><BR>[Stack]<UL><LI>Max Depth = 372<LI>Call Chain = QS_rxParseData_ &rArr; QF_newX_ &rArr; QMPool_get &rArr; Q_onAssert &rArr; QS_ASSERTION &rArr; QS_onFlush &rArr; HAL_UART_Transmit &rArr; UART_WaitOnFlagUntilTimeout &rArr; UART_EndRxTransfer
</UL>
<BR>[Calls]<UL><LI><a href="#[4a]">&gt;&gt;</a>&nbsp;&nbsp;&nbsp;QF_newX_
<LI><a href="#[ba]">&gt;&gt;</a>&nbsp;&nbsp;&nbsp;QF_poolGetMaxBlockSize
<LI><a href="#[b1]">&gt;&gt;</a>&nbsp;&nbsp;&nbsp;QS_rxReportError_
<LI><a href="#[b4]">&gt;&gt;</a>&nbsp;&nbsp;&nbsp;QS_rxReportAck_
<LI><a href="#[b9]">&gt;&gt;</a>&nbsp;&nbsp;&nbsp;QS_rxPoke_
</UL>
<BR>[Called By]<UL><LI><a href="#[b7]">&gt;&gt;</a>&nbsp;&nbsp;&nbsp;QS_rxParse
</UL>

<P><STRONG><a name="[b9]"></a>QS_rxPoke_</STRONG> (Thumb, 120 bytes, Stack size 16 bytes, qs_rx.o(.text.QS_rxPoke_))
<BR><BR>[Stack]<UL><LI>Max Depth = 220<LI>Call Chain = QS_rxPoke_ &rArr; Q_onAssert &rArr; QS_ASSERTION &rArr; QS_onFlush &rArr; HAL_UART_Transmit &rArr; UART_WaitOnFlagUntilTimeout &rArr; UART_EndRxTransfer
</UL>
<BR>[Calls]<UL><LI><a href="#[80]">&gt;&gt;</a>&nbsp;&nbsp;&nbsp;Q_onAssert
</UL>
<BR>[Called By]<UL><LI><a href="#[b8]">&gt;&gt;</a>&nbsp;&nbsp;&nbsp;QS_rxParseData_
</UL>

<P><STRONG><a name="[b4]"></a>QS_rxReportAck_</STRONG> (Thumb, 40 bytes, Stack size 24 bytes, qs_rx.o(.text.QS_rxReportAck_))
<BR><BR>[Stack]<UL><LI>Max Depth = 56<LI>Call Chain = QS_rxReportAck_ &rArr; QS_beginRec_
</UL>
<BR>[Calls]<UL><LI><a href="#[46]">&gt;&gt;</a>&nbsp;&nbsp;&nbsp;QS_endRec_
<LI><a href="#[42]">&gt;&gt;</a>&nbsp;&nbsp;&nbsp;QS_beginRec_
<LI><a href="#[84]">&gt;&gt;</a>&nbsp;&nbsp;&nbsp;QS_u8_raw_
</UL>
<BR>[Called By]<UL><LI><a href="#[b3]">&gt;&gt;</a>&nbsp;&nbsp;&nbsp;QS_rxHandleGoodFrame_
<LI><a href="#[b8]">&gt;&gt;</a>&nbsp;&nbsp;&nbsp;QS_rxParseData_
</UL>

<P><STRONG><a name="[b6]"></a>QS_rxReportDone_</STRONG> (Thumb, 48 bytes, Stack size 24 bytes, qs_rx.o(.text.QS_rxReportDone_))
<BR><BR>[Stack]<UL><LI>Max Depth = 56<LI>Call Chain = QS_rxReportDone_ &rArr; QS_beginRec_
</UL>
<BR>[Calls]<UL><LI><a href="#[44]">&gt;&gt;</a>&nbsp;&nbsp;&nbsp;QS_u32_raw_
<LI><a href="#[43]">&gt;&gt;</a>&nbsp;&nbsp;&nbsp;QS_onGetTime
<LI><a href="#[46]">&gt;&gt;</a>&nbsp;&nbsp;&nbsp;QS_endRec_
<LI><a href="#[42]">&gt;&gt;</a>&nbsp;&nbsp;&nbsp;QS_beginRec_
<LI><a href="#[84]">&gt;&gt;</a>&nbsp;&nbsp;&nbsp;QS_u8_raw_
</UL>
<BR>[Called By]<UL><LI><a href="#[b3]">&gt;&gt;</a>&nbsp;&nbsp;&nbsp;QS_rxHandleGoodFrame_
</UL>

<P><STRONG><a name="[b1]"></a>QS_rxReportError_</STRONG> (Thumb, 46 bytes, Stack size 24 bytes, qs_rx.o(.text.QS_rxReportError_))
<BR><BR>[Stack]<UL><LI>Max Depth = 56<LI>Call Chain = QS_rxReportError_ &rArr; QS_beginRec_
</UL>
<BR>[Calls]<UL><LI><a href="#[46]">&gt;&gt;</a>&nbsp;&nbsp;&nbsp;QS_endRec_
<LI><a href="#[42]">&gt;&gt;</a>&nbsp;&nbsp;&nbsp;QS_beginRec_
<LI><a href="#[84]">&gt;&gt;</a>&nbsp;&nbsp;&nbsp;QS_u8_raw_
</UL>
<BR>[Called By]<UL><LI><a href="#[b7]">&gt;&gt;</a>&nbsp;&nbsp;&nbsp;QS_rxParse
<LI><a href="#[b3]">&gt;&gt;</a>&nbsp;&nbsp;&nbsp;QS_rxHandleGoodFrame_
<LI><a href="#[b0]">&gt;&gt;</a>&nbsp;&nbsp;&nbsp;QS_queryCurrObj
<LI><a href="#[b8]">&gt;&gt;</a>&nbsp;&nbsp;&nbsp;QS_rxParseData_
<LI><a href="#[b2]">&gt;&gt;</a>&nbsp;&nbsp;&nbsp;QS_rxHandleBadFrame_
</UL>
<P>
<H3>
Undefined Global Symbols
</H3><HR></body></html>
